V21_instant_book	-	0	
V21_online_request	-	0	
V21_enquiry_form	-	0	
V21_form_fields_verbatim	-	8	NOTE	V21_form_fields_verbatim	The page does not provide an enquiry form.
V21_email	-	0	
V21_phone	-	0	
V21_messaging	-	0	
V21_pack_request	-	0	
V21_third_party	-	0	
V21_calendar_shown	-	0	
V21_pdf_form	-	0	
V21_lowest_friction	-	none	

V22_private_tour	Colliston Farm	1	QUOTE	"Reach out to arrange a **private viewing** — we’ll walk you through the spaces and chat about your ideas."
V22_tour_by_appointment	Colliston Farm	8	
V22_tour_booking_route	Colliston Farm	not_stated	
V22_tour_days_times_verbatim	Colliston Farm	8	NOTE	V22_tour_days_times_verbatim	The page does not specify days or times for tours.
V22_tour_charged	Colliston Farm	0	
V22_open_day	Colliston Farm	0	
V22_open_day_dates_verbatim	Colliston Farm	8	NOTE	V22_open_day_dates_verbatim	The page does not mention any open day dates.
V22_open_day_registration	Colliston Farm	0	
V22_wedding_fair_attendance	Colliston Farm	0	
V22_styled_shoot_event	Colliston Farm	0	
V22_virtual_tour_offered	Colliston Farm	0	
V22_video_call_offered	Colliston Farm	0	
V22_tour_required_before_booking	Colliston Farm	8	
V22_no_tour_stated	Colliston Farm	0