V21_online_request	1	"Reach out to arrange a private viewing"	
V21_lowest_friction	request	
V22_private_tour	1	"Reach out to arrange a private viewing"	
V22_tour_by_appointment	1	"Reach out to arrange a private viewing"	
V22_tour_booking_route	not_stated	"Reach out to arrange a private viewing"	
V22_tour_required_before_booking	0	"Reach out to arrange a private viewing"	
V22_open_day	0	"Bookings are now available for 2026 and beyond."	
V22_open_day_dates_verbatim		"Bookings are now available for 2026 and beyond."	
V22_open_day_registration	0	"Bookings are now available for 2026 and beyond."	
V22_wedding_fair_attendance	0	"Bookings are now available for 2026 and beyond."	
V22_styled_shoot_event	0	"Bookings are now available for 2026 and beyond."	
V22_virtual_tour_offered	0	"Bookings are now available for 2026 and beyond."	
V22_video_call_offered	0	"Bookings are now available for 2026 and beyond."	
V22_tour_days_times_verbatim		"Bookings are now available for 2026 and beyond."	
V22_tour_charged	0	"Bookings are now available for 2026 and beyond."	
V22_no_tour_stated	0	"Bookings are now available for 2026 and beyond."	
V21_email	0	"Reach out to arrange a private viewing"	
V21_phone	0	"Reach out to arrange a private viewing"	
V21_messaging	0	"Reach out to arrange a private viewing"	
V21_pack_request	0	"Reach out to arrange a private viewing"	
V21_third_party	0	"Reach out to arrange a private viewing"	
V21_calendar_shown	0	"Reach out to arrange a private viewing"	
V21_form_fields_verbatim		"Reach out to arrange a private viewing"	
V21_enquiry_form	0	"Reach out to arrange a private viewing"	
V21_instant_book	0	"Reach out to arrange a private viewing"	
V21_online_request	1	"Reach out to start planning your perfect day at Colliston Farm"	
V21_form_fields_verbatim		"Reach out to start planning your perfect day at Colliston Farm"	
V21_enquiry_form	0	"Reach out to start planning your perfect day at Colliston Farm"	
V21_email	0	"Reach out to start planning your perfect day at Colliston Farm"	
V21_phone	0	"Reach out to start planning your perfect day at Colliston Farm"	
V21_messaging	0	"Reach out to start planning your perfect day at Colliston Farm"	
V21_pack_request	0	"Reach out to start planning your perfect day at Colliston Farm"	
V21_third_party	0	"Reach out to start planning your perfect day at Colliston Farm"	
V21_calendar_shown	0	"Reach out to start planning your perfect day at Colliston Farm"	
V21_pdf_form	0	"Reach out to start planning your perfect day at Colliston Farm"	
V21_lowest_friction	request	
AMOUNT	"deposit"	"secures your date"	"no conditions"	
AMOUNT	"balance"	"due closer to your event"	"no conditions"