V1_elopement_tier	ENTITY	1	QUOTE	"weddings, elopements, micro-weddings, celebrations and styled shoots"
V1_venue_only	ENTITY	1	QUOTE	"you bring your own creative vision and we’ll provide the backdrop"
V1_ceremony	ENTITY	1	QUOTE	"Min 3 / Max 100 Ceremony Guests"
V2_ceremony_location_choice	ENTITY	1	QUOTE	"Choice of ceremony settings – Pine Point, The Milking Shed, or Creekside"
V2_c_garden_lawn	ENTITY	1	QUOTE	"Pine Point"
V2_c_barn_shed	ENTITY	1	QUOTE	"The Milking Shed"
V2_c_other	ENTITY	8	QUOTE	"Creekside"
V2_multi_space	ENTITY	1	QUOTE	"exclusive use of our beautiful venue and surrounding farmland"
V4_stage	ENTITY	"ceremony"	QUOTE	"Min 3 / Max 100 Ceremony Guests"
V4_layout	ENTITY	"not_stated"	QUOTE	"Min 3 / Max 100 Ceremony Guests"
V4_figure_verbatim	ENTITY	"Max 100"	QUOTE	"Min 3 / Max 100 Ceremony Guests"
V4_construction_verbatim	ENTITY	"Max"	QUOTE	"Min 3 / Max 100 Ceremony Guests"
V4_max_band	ENTITY	3	QUOTE	"Max 100"
V4_min_guests	ENTITY	3	QUOTE	"Min 3"
V4_guest_ceiling_verbatim	ENTITY	"twelve"	QUOTE	"elopements for two to twelve"
V4_stage	ENTITY	"not_stated"	QUOTE	"elopements for two to twelve"
V4_layout	ENTITY	"not_stated"	QUOTE	"elopements for two to twelve"
V4_figure_verbatim	ENTITY	"twelve"	QUOTE	"elopements for two to twelve"
V4_construction_verbatim	ENTITY	"to"	QUOTE	"elopements for two to twelve"
V4_max_band	ENTITY	1	QUOTE	"twelve"
AMOUNT	"Max 100"	"Maximum capacity for ceremony"	"ceremony"
AMOUNT	"twelve"	"Maximum capacity for elopements"	"elopements"