Campaign: Chris Graham — National Risk Solutions C-suite outreach (S&P only)
T1 @ .: 134 task(s) — jatin-rangras, fiona-comben, faez-norouzian, david-cuda, ryan-south, sandy-burn, larissa-bridge, geoff-henderson, marc-chiarella, andrew-broughton, michael-resnikoff, stuartbrownau, andrew-batchelar, joe-mccabe, rachael-lindsay, hamish-mcdonald, george-kingsley, craigwest, martinsgchristmas, campbell-mitchell, henry-wallace, tracey-phillips, nickhakes, david-sharman, audrey-scheurich, william-parker, james-georgeson, tracey-broadhead, kathleen-warden, alicialillington, gerard-sitaramayya, richharvey, dr-rexine, bill-callan, paulawright, tanuja-bissa, brett-gregory, nadajamal4, dustinepang, peter-white, david-arnold, simon-officer, scottphenshaw, waynegolledge, jasmine-sim, grantstevenculshaw, marco-fredriks, greg-bird, phillip-bailey, seankam, murray-chamberlain, mark-conelly, hamish-davidson, rosalielau, sunny-kapoor, mark-sherwin, rudy-sheriff, ed-madon, andrew-harwood, melinda-watson, george-anagnostellis, michael-dalton, francine-hackett, joel-wyld, michael-sacke, michael-parrott, lachlan-jacobson, laurastonehouse, mark-malley, andrew-donaldson, ian-mirels, tony-m-11583518, damian-mathews, louie-psaroulis, kenphillips1, mat-holland, jashan-randhawa, derek-jorgensen, markshellerinsurancelawexpert, angela-andrews, scottyschindler, matthew-griffin, chrissereika, dennis-sanders, matthew-bone, andrew-buncombe, andrewpbrooke, christine-wright, steven-mclauchlan, sahreena-mohammed, sam-lawrence, chris-ristevski, john-rae, daniekeyser, richard-moxham, rob-richard, meenawahi, simone-herbert, ben-houghton, arnoldtodd, grant-cairns, franklampert, graemedberwick, thomas-delaney, craig-kirk, ryanmulder1, ian-pollard, wise-chan, edsaul, nickmeister, melissa-crozier, benmcmullan, kevin-clarke, thomas-dillon, robert-dang, jehan-mata, clint-hindle, ian-hall, tim-ezzy, toby-lee, truc-nguyen, mary-anne, henk-maritz, jithin-chittibomma, nimmi-valia, toni-mcalpine, jordan-li, mark-mazurek, marika-calfas, saul-cannon, scott-charlton, tania-archibald, michelle-jablko, paul-graham-auspost
  [START] jordan-li
  [START] marika-calfas
  [START] mark-mazurek
  [START] michelle-jablko
  [START] marika-calfas
  [START] michelle-jablko
  [START] mark-mazurek
  [START] jordan-li
  [START] michelle-jablko
  [START] mark-mazurek
  [DONE ] mark-mazurek
  [START] paul-graham-auspost
  [START] paul-graham-auspost
  [START] michelle-jablko
  [START] michelle-jablko
  [DONE ] michelle-jablko
  [START] sandy-burn
  [START] sandy-burn
  [START] marika-calfas
  [DONE ] marika-calfas
  [START] saul-cannon
  [START] saul-cannon
  [START] paul-graham-auspost
  [START] paul-graham-auspost
  [START] paul-graham-auspost
  [START] paul-graham-auspost
  [START] paul-graham-auspost
  [START] paul-graham-auspost
  [START] paul-graham-auspost
  [START] paul-graham-auspost
  [START] paul-graham-auspost
  [START] paul-graham-auspost
  [START] paul-graham-auspost
  [START] paul-graham-auspost
  [START] paul-graham-auspost
  [START] paul-graham-auspost
  [DONE ] paul-graham-auspost
  [START] scott-charlton
  [START] scott-charlton
  [START] sandy-burn
  [START] sandy-burn
  [START] sandy-burn
  [START] sandy-burn
  [START] sandy-burn
  [START] sandy-burn
  [START] sandy-burn
  [START] sandy-burn
  [START] sandy-burn
  [START] sandy-burn
  [START] sandy-burn
  [START] sandy-burn
  [START] sandy-burn
  [START] sandy-burn
  [DONE ] sandy-burn
  [START] tania-archibald
  [START] tania-archibald
  [START] jordan-li
  [START] jordan-li
  [START] jordan-li
  [START] jordan-li
  [START] jordan-li
  [START] jordan-li
  [START] jordan-li
  [START] jordan-li
  [START] jordan-li
  [START] jordan-li
  [START] jordan-li
  [START] jordan-li
  [START] jordan-li
  [START] jordan-li
  [DONE ] jordan-li
  [START] scott-charlton
  [DONE ] scott-charlton
  [START] saul-cannon
  [DONE ] saul-cannon
  [START] tania-archibald
  [DONE ] tania-archibald

=== Summary ===
Done:   9
Failed: 0
