Campaign: Chris Graham — National Risk Solutions C-suite outreach (S&P only)
T1 @ .: 8 task(s) — trevor-booth, craig-booth, margy-mare, dean-aldred, michael-corcoran, jason-disney, sajad-bassam, gail-casey
  [START] craig-booth
  [START] dean-aldred
  [START] gail-casey
  [START] jason-disney
  [START] jason-disney
  [START] dean-aldred
  [START] gail-casey
  [START] craig-booth
  [START] gail-casey
  [START] gail-casey
  [START] gail-casey
  [START] gail-casey
  [START] gail-casey
  [START] gail-casey
  [START] gail-casey
  [START] gail-casey
  [START] gail-casey
  [START] gail-casey
  [START] gail-casey
  [START] gail-casey
  [START] gail-casey
  [DONE ] gail-casey
  [START] margy-mare
  [START] margy-mare
  [START] jason-disney
  [DONE ] jason-disney
  [START] michael-corcoran
  [START] michael-corcoran
  [START] craig-booth
  [START] craig-booth
  [START] craig-booth
  [START] craig-booth
  [START] craig-booth
  [START] craig-booth
  [START] craig-booth
  [START] craig-booth
  [START] craig-booth
  [START] craig-booth
  [START] craig-booth
  [START] craig-booth
  [START] craig-booth
  [DONE ] craig-booth
  [START] sajad-bassam
  [START] sajad-bassam
  [START] dean-aldred
  [DONE ] dean-aldred
  [START] trevor-booth
  [START] trevor-booth
  [START] michael-corcoran
  [DONE ] michael-corcoran
  [START] sajad-bassam
  [DONE ] sajad-bassam
  [START] margy-mare
  [DONE ] margy-mare
  [START] trevor-booth
  [DONE ] trevor-booth

=== Summary ===
Done:   8
Failed: 0
