Starting v2 Tier-2 (21 queries) + Tier-3 (15 queries)
Total queries: 36, max fetches: 108

Loaded 272 existing stems for dedup

[T2] CEO hospitality | AU | start=0
  URL: https://www.linkedin.com/search/results/people/?keywords=CEO+hospitality&geoUrn=%5B%22101452733%22%5D&start=0&origin=GLOBAL_SEARCH_HEADER
  -> /tmp/linkedin-v2-t23-ceo-hospitality-au-p0.html
  KEEP: kia-m-5705aa56 | Chief Executive Officer | Australia
  DROP(off-role): michelle-thurlow-467976b5
  DROP(off-role): jpgortan
  KEEP: frank-tucker-3a0796165 | Michelle Thurlow | Chairman & Chief Executive Officer
  KEEP: sharan-kandola-lending | Sharan Kandola Lending | & Pacific Concepts en Hunter St.
  KEEP: marcelo-a-veloz-7baa211a | Sharan Kandola | es contacto en común
  KEEP: tonymurr | Tony Murr | Angus M.
  KEEP: jyessaeian | Tony Murr | Angus M.
  KEEP: angusmcc | Tony Murr | CEO EML Solutions & Hospitality Industry
  DROP(insurance-ecosystem(marsh)): rowan-brown-998a9914
  DROP(insurance-ecosystem(marsh)): marshd1
  DROP(insurance-ecosystem(marsh)): rachelhenning
  DROP(insurance-ecosystem(marsh)): daniellemarshallrecruitment
  DROP(insurance-ecosystem(marsh)): benn-lane-789b55165
  DROP(insurance-ecosystem(marsh)): ramesh-thapa-b0840530
  KEEP: matthew-biviano-b618084a | Chief Executive Officer | Hospitality
  KEEP: itsmichaellane | Michael Lane | Lorraine Rogic
  KEEP: lorraine-rogic | Michael Lane | Lorraine Rogic
  KEEP: warburtonaaron | Michael Lane | Chief Executive Officer at Canterbury-Ba
  DROP(insurance-ecosystem(aig)): nik-young-161b443b
  DROP(insurance-ecosystem(aig)): joel-wyld-208b6939
  DROP(insurance-ecosystem(aig)): grahamperry
  KEEP: matthew-bone-72121439 | Monte Huebsch | Anterior
  KEEP: chris-graham-54711376 | Chris Graham 54711376 | (unknown)
  Page result: kept=13 dropped=11

[T2] CEO hospitality | AU | start=10
  URL: https://www.linkedin.com/search/results/people/?keywords=CEO+hospitality&geoUrn=%5B%22101452733%22%5D&start=10&origin=GLOBAL_SEARCH_HEADER
  -> /tmp/linkedin-v2-t23-ceo-hospitality-au-p10.html
  Page result: kept=0 dropped=0

[T2] CEO hospitality | AU | start=20
  URL: https://www.linkedin.com/search/results/people/?keywords=CEO+hospitality&geoUrn=%5B%22101452733%22%5D&start=20&origin=GLOBAL_SEARCH_HEADER
  -> /tmp/linkedin-v2-t23-ceo-hospitality-au-p20.html
  Page result: kept=0 dropped=0

  Query total kept: 13

[T2] Managing Director hospitality | AU | start=0
  URL: https://www.linkedin.com/search/results/people/?keywords=Managing+Director+hospitality&geoUrn=%5B%22101452733%22%5D&start=0&origin=GLOBAL_SEARCH_HEADER
  -> /tmp/linkedin-v2-t23-managing-director-hospitality-au-p0.html
  KEEP: amillecamps | Amillecamps | Sídney y alrededores
  KEEP: kevin-miksch-930a8512 | Kevin Miksch | Andrew Cocks
  KEEP: nathan-ross-24399b15 | Kevin Miksch | Andrew Cocks
  KEEP: andrewcocks | Kevin Miksch | Managing Director at Richardson & Wrench
  KEEP: hari-sallakonda-a5185b19 | Hari Sallakonda | Hari Sallakonda
  KEEP: michael-uspensky-6b016731 | Hari Sallakonda | Hari Sallakonda
  KEEP: toulaxenos | Hari Sallakonda | Commercial Growth Leader
  KEEP: roshan-sedai-600a9476 | Monte Huebsch | Housekeeping Management
  KEEP: businessimprovementexpert | Businessimprovementexpert | Hospitality
  KEEP: francis-child-70852914 | David Webster | Francis Child
  KEEP: chris-ristevski-444967a | Chris Ristevski 444967A | en The Association Specialists
  KEEP: alexiboyd | Chris Ristevski | Chris Ristevski
  KEEP: leon-ellas-b5264815 | Chris Ristevski | son contactos en común
  KEEP: danieljmcquade | Danieljmcquade | en Australia and Worldwide Travel
  KEEP: brett-power-31099b53 | Brett Power 31099B53 | Daniel McQuade
  KEEP: scott-armstrong-a4353050 | Brett Power | son contactos en común
  KEEP: sean-evans-51ba342 | Edge Pty Ltd | Edge Pty Ltd
  KEEP: martyvids | Edge Pty Ltd | Edge Pty Ltd
  KEEP: paul-mawdsley-90a5a224 | Sean Evans | Managing Director, INAC Hospitality
  KEEP: ryan-south-8381a240 | Ryan South 8381A240 | Hospitality
  KEEP: claudmangifesta | Claudmangifesta | Hospitality
  KEEP: minettprimesquare | Ryan South | Dean Minett MBus GAICD ISHC
  KEEP: jared-barry-30352892 | Kevin Miksch | Managing Director
  KEEP: vickie-robinson-011644b | Nada Jamal | Nada Jamal
  Page result: kept=24 dropped=0

[T2] Managing Director hospitality | AU | start=10
  URL: https://www.linkedin.com/search/results/people/?keywords=Managing+Director+hospitality&geoUrn=%5B%22101452733%22%5D&start=10&origin=GLOBAL_SEARCH_HEADER
  -> /tmp/linkedin-v2-t23-managing-director-hospitality-au-p10.html
  Page result: kept=0 dropped=0

[T2] Managing Director hospitality | AU | start=20
  URL: https://www.linkedin.com/search/results/people/?keywords=Managing+Director+hospitality&geoUrn=%5B%22101452733%22%5D&start=20&origin=GLOBAL_SEARCH_HEADER
  -> /tmp/linkedin-v2-t23-managing-director-hospitality-au-p20.html
  Page result: kept=0 dropped=0

  Query total kept: 24

[T2] CFO hospitality | AU | start=0
  URL: https://www.linkedin.com/search/results/people/?keywords=CFO+hospitality&geoUrn=%5B%22101452733%22%5D&start=0&origin=GLOBAL_SEARCH_HEADER
  -> /tmp/linkedin-v2-t23-cfo-hospitality-au-p0.html
  KEEP: lindaholdaway | Christine Bletsas | (Contract Role) en Cronulla Sharks Rugby
  KEEP: joel-wyld-208b6939 | Joel Wyld 208B6939 | Group (Nulla Nulla Cafe)
  KEEP: shaun-eldridge-7122895b | Joel Wyld | es contacto en común
  KEEP: belinda-judd-56962b21 | Shaun Eldridge | CFO - Winarch Group
  KEEP: geoffcrews | Geoff Crews | Wayne Lennan
  KEEP: waynelennan | Geoff Crews | 6 contactos más en común
  DROP(off-industry): helen-nguyen11
  KEEP: jenny-box-4a651922 | Jenny Box | Jeremy McLennan
  KEEP: jeremy-mclennan-998a08112 | Jenny Box | Jeremy McLennan
  KEEP: yawen-cui- | Jenny Box | Hospitality & Healthcare
  KEEP: ran-sun | Michael Lane | Ran Sun
  KEEP: andrew-syme-73409b1a | Michael Lane | Melbourne y alrededores
  DROP(off-industry): shubhada-gandhi-82749030
  DROP(insurance-ecosystem(aig)): peter-white-am-b094607
  Page result: kept=11 dropped=3

[T2] CFO hospitality | AU | start=10
  URL: https://www.linkedin.com/search/results/people/?keywords=CFO+hospitality&geoUrn=%5B%22101452733%22%5D&start=10&origin=GLOBAL_SEARCH_HEADER
  -> /tmp/linkedin-v2-t23-cfo-hospitality-au-p10.html
  Page result: kept=0 dropped=0

[T2] CFO hospitality | AU | start=20
  URL: https://www.linkedin.com/search/results/people/?keywords=CFO+hospitality&geoUrn=%5B%22101452733%22%5D&start=20&origin=GLOBAL_SEARCH_HEADER
  -> /tmp/linkedin-v2-t23-cfo-hospitality-au-p20.html
  Page result: kept=0 dropped=0

  Query total kept: 11

[T2] CEO tourism | AU | start=0
  URL: https://www.linkedin.com/search/results/people/?keywords=CEO+tourism&geoUrn=%5B%22101452733%22%5D&start=0&origin=GLOBAL_SEARCH_HEADER
  -> /tmp/linkedin-v2-t23-ceo-tourism-au-p0.html
  DROP(off-role): michelle-thurlow-467976b5
  DROP(off-role): jpgortan
  KEEP: anne-andrews-a35a9039 | Michelle Thurlow | Chief Executive Officer
  KEEP: rachael-lindsay-gaicd-908a6830 | Graham Perry | Graham Perry
  KEEP: davidroystonjennings | Graham Perry | Graham Perry
  KEEP: grahamperry | Graham Perry | Chief Executive Officer / Board Director
  KEEP: nik-young-161b443b | Monte Huebsch | Anywhere Travel Group
  DROP(insurance-ecosystem(aig)): denniswinchester
  KEEP: andrew-barclay | Dennis Winchester | Tourism
  KEEP: anthea-hammon | Joel Wyld | Tourism CEO, Non-Executive Director
  KEEP: benplayer | Ben Player | Geoff Gatehouse
  KEEP: geoff-gatehouse-07783381 | Ben Player | Geoff Gatehouse
  KEEP: peter-homan-a3751610 | Ben Player | Peter Homan
  DROP(insurance-ecosystem(aig)): tim-booth-9a6b5888
  KEEP: marketingmentor | William Siebler | Rob Richard
  KEEP: rob-richard-54aa345 | William Siebler | Rob Richard
  KEEP: rahul-parrab-4ab7193b | William Siebler | Co-Founder & CEO - Hotel Investment
  DROP(off-role): jure-domazet-5151153b
  Page result: kept=13 dropped=5

[T2] CEO tourism | AU | start=10
  URL: https://www.linkedin.com/search/results/people/?keywords=CEO+tourism&geoUrn=%5B%22101452733%22%5D&start=10&origin=GLOBAL_SEARCH_HEADER
  -> /tmp/linkedin-v2-t23-ceo-tourism-au-p10.html
  Page result: kept=0 dropped=0

[T2] CEO tourism | AU | start=20
  URL: https://www.linkedin.com/search/results/people/?keywords=CEO+tourism&geoUrn=%5B%22101452733%22%5D&start=20&origin=GLOBAL_SEARCH_HEADER
  -> /tmp/linkedin-v2-t23-ceo-tourism-au-p20.html
  Page result: kept=0 dropped=0

  Query total kept: 13

[T2] Managing Director tourism | AU | start=0
  URL: https://www.linkedin.com/search/results/people/?keywords=Managing+Director+tourism&geoUrn=%5B%22101452733%22%5D&start=0&origin=GLOBAL_SEARCH_HEADER
  -> /tmp/linkedin-v2-t23-managing-director-tourism-au-p0.html
  KEEP: christopherdonohuereward | Christopher Donohue | Sídney y alrededores
  DROP(insurance-ecosystem(aig)): jure-domazet-5151153b
  DROP(insurance-ecosystem(aig)): andrew-want-03a05325
  KEEP: osman-dincer-7b538946 | Osman Dincer 7B538946 | Director
  KEEP: mandeep-dhillon-4862a41ba | Osman Dincer | Osman Dincer
  KEEP: vivekbhatia | Vivek Bhatia | Vivek Bhatia
  KEEP: christie-ha-hoang-239a89121 | Brett Power | son contactos en común
  KEEP: ann-noler-harris | Ann Noler Harris | Claud (Claudio) Mangifesta
  KEEP: cstproperties | Ann Noler Harris | Managing Director - CST Properties
  DROP(insurance-ecosystem(aig)): jayden-brown-2111b918a
  DROP(insurance-ecosystem(aig)): blake-harris-40686115
  KEEP: rob-hawkes-10a61595 | Nada Jamal | Nada Jamal
  KEEP: tomeckersleysolutions | Kevin Miksch | Managing Director at Eckersley Print Gro
  KEEP: craig-smith-2308a785 | Ryan Gray | Ryan Gray
  KEEP: andrewmorello | Scotty Schindler | Scotty Schindler
  Page result: kept=11 dropped=4

[T2] Managing Director tourism | AU | start=10
  URL: https://www.linkedin.com/search/results/people/?keywords=Managing+Director+tourism&geoUrn=%5B%22101452733%22%5D&start=10&origin=GLOBAL_SEARCH_HEADER
  -> /tmp/linkedin-v2-t23-managing-director-tourism-au-p10.html
  Page result: kept=0 dropped=0

[T2] Managing Director tourism | AU | start=20
  URL: https://www.linkedin.com/search/results/people/?keywords=Managing+Director+tourism&geoUrn=%5B%22101452733%22%5D&start=20&origin=GLOBAL_SEARCH_HEADER
  -> /tmp/linkedin-v2-t23-managing-director-tourism-au-p20.html
  Page result: kept=0 dropped=0

  Query total kept: 11

[T2] CEO tourism | NZ | start=0
  URL: https://www.linkedin.com/search/results/people/?keywords=CEO+tourism&geoUrn=%5B%22105490917%22%5D&start=0&origin=GLOBAL_SEARCH_HEADER
  -> /tmp/linkedin-v2-t23-ceo-tourism-nz-p0.html
  KEEP: paul-jackson-a8126563 | Paul Jackson | Christchurch, Canterbury, Nueva Zelanda
  KEEP: amanda-malu-6a53582b | Group Holdings | Group Holdings
  DROP(off-role): andre-nobbs-a29a8a39
  KEEP: jamee-taylor | Geoff Gatehouse | es contacto en común
  DROP(off-role): tom-t-00524826
  DROP(off-role): julie-white-b061133b
  KEEP: adam-joyce-181a2937 | Ryan South | es contacto en común
  KEEP: chris-lamers-8b50965 | Adam Joyce | Chief Executive Officer
  KEEP: rossherdman | Ross Herdman | 1 contacto más en común
  KEEP: nathanielflack | Ross Herdman | 1 contacto más en común
  KEEP: richardtempler | Ross Herdman | Chief Executive Officer at Engineering N
  KEEP: thomas-delaney-585b0a63 | Thomas Delaney | Thomas Delaney
  DROP(off-industry): nick-judd
  KEEP: tony-howlett-8553343a | Holdings Limited | es contacto en común
  Page result: kept=10 dropped=4

[T2] CEO tourism | NZ | start=10
  URL: https://www.linkedin.com/search/results/people/?keywords=CEO+tourism&geoUrn=%5B%22105490917%22%5D&start=10&origin=GLOBAL_SEARCH_HEADER
  -> /tmp/linkedin-v2-t23-ceo-tourism-nz-p10.html
  Page result: kept=0 dropped=0

[T2] CEO tourism | NZ | start=20
  URL: https://www.linkedin.com/search/results/people/?keywords=CEO+tourism&geoUrn=%5B%22105490917%22%5D&start=20&origin=GLOBAL_SEARCH_HEADER
  -> /tmp/linkedin-v2-t23-ceo-tourism-nz-p20.html
  Page result: kept=0 dropped=0

  Query total kept: 10

[T2] Managing Director tourism | NZ | start=0
  URL: https://www.linkedin.com/search/results/people/?keywords=Managing+Director+tourism&geoUrn=%5B%22105490917%22%5D&start=0&origin=GLOBAL_SEARCH_HEADER
  -> /tmp/linkedin-v2-t23-managing-director-tourism-nz-p0.html
  KEEP: rohit-reddy-48002111 | Rohit Reddy | Auckland, Auckland, Nueva Zelanda
  KEEP: tim-alpe-3a806715 | Frank Lampert | Frank Lampert
  KEEP: serge-antonin-bonnafoux-293b5b49 | Tim Alpe | Managing
  KEEP: warwicksommer | Warwicksommer | Director
  KEEP: tinakataito | Warwick Sommer | Warwick Sommer
  KEEP: jasonhillnz | Penny Taylor | Managing Director Tourism Talent and Men
  KEEP: clare-davies-05120216 | Ryan South | Clare Davies
  KEEP: nigel-hobbs-9673819 | Clare Davies | Managing
  KEEP: troy-clarry-8032339 | Troy Clarry 8032339 | Tourism
  KEEP: jenny-walsh-97008680 | Jenny Walsh 97008680 | Tourism
  KEEP: ginni-post-59aa9a3 | Jenny Walsh | Managing
  KEEP: milliewatt | Ryan South | Ryan South
  Page result: kept=12 dropped=0

[T2] Managing Director tourism | NZ | start=10
  URL: https://www.linkedin.com/search/results/people/?keywords=Managing+Director+tourism&geoUrn=%5B%22105490917%22%5D&start=10&origin=GLOBAL_SEARCH_HEADER
  -> /tmp/linkedin-v2-t23-managing-director-tourism-nz-p10.html
  Page result: kept=0 dropped=0

[T2] Managing Director tourism | NZ | start=20
  URL: https://www.linkedin.com/search/results/people/?keywords=Managing+Director+tourism&geoUrn=%5B%22105490917%22%5D&start=20&origin=GLOBAL_SEARCH_HEADER
  -> /tmp/linkedin-v2-t23-managing-director-tourism-nz-p20.html
  Page result: kept=0 dropped=0

  Query total kept: 12

[T2] CEO sports | AU | start=0
  URL: https://www.linkedin.com/search/results/people/?keywords=CEO+sports&geoUrn=%5B%22101452733%22%5D&start=0&origin=GLOBAL_SEARCH_HEADER
  -> /tmp/linkedin-v2-t23-ceo-sports-au-p0.html
  KEEP: mathew-harper-jp-765130106 | Mathew Harper Jp 765130106 | Australia
  KEEP: mike-anderson77 | Mike Anderson77 | Sports
  DROP(off-industry): taindrinkwater
  KEEP: greg-gibson-bb2903b6 | Vivek Bhatia | Chief Executive Officer at Unified Healt
  KEEP: kirkreynoldson | Greg Gibson | en Healthe Care Australia
  KEEP: tim-olive-05065018 | Kirk Reynoldson | Tim Olive
  KEEP: angela-andrews-35876323 | Pty Ltd | Kevan Johnston
  KEEP: kevan-johnston-121bb82a | Pty Ltd | Kevan Johnston
  KEEP: peterbromleycorelogic | Angela Andrews | Chief Executive Officer
  DROP(insurance-ecosystem(aig)): louie-psaroulis-012a666
  DROP(insurance-ecosystem(aig)): darren-simpson-90ab2133
  KEEP: sarah-dowds-90074015 | Sarah Dowds | Stuart McKellar
  KEEP: stuart-mckellar-23239530 | Sarah Dowds | Stuart McKellar
  KEEP: ross-warby-761b3850 | Sarah Dowds | Chief Executive Officer at Enervest
  KEEP: joannegorton | Ross Herdman | Chief Executive Officer at Deloitte Aust
  KEEP: terry-rayner-93a83011 | Vivek Bhatia | Eddie Moore
  KEEP: eddie-moore | Vivek Bhatia | CEO, Senior Executive, Board Director
  KEEP: nicholas-martin-a51a041 | Nicholas Martin | 4 contactos más en común
  KEEP: james-nelson-40955910 | Nicholas Martin | 4 contactos más en común
  KEEP: stuart-clark-32019360 | Nicholas Martin | Chief Executive Officer - Softball NSW
  Page result: kept=17 dropped=3

[T2] CEO sports | AU | start=10
  URL: https://www.linkedin.com/search/results/people/?keywords=CEO+sports&geoUrn=%5B%22101452733%22%5D&start=10&origin=GLOBAL_SEARCH_HEADER
  -> /tmp/linkedin-v2-t23-ceo-sports-au-p10.html
  Page result: kept=0 dropped=0

[T2] CEO sports | AU | start=20
  URL: https://www.linkedin.com/search/results/people/?keywords=CEO+sports&geoUrn=%5B%22101452733%22%5D&start=20&origin=GLOBAL_SEARCH_HEADER
  -> /tmp/linkedin-v2-t23-ceo-sports-au-p20.html
  Page result: kept=0 dropped=0

  Query total kept: 17

[T2] CEO "sports club" | NZ | start=0
  URL: https://www.linkedin.com/search/results/people/?keywords=CEO+%22sports+club%22&geoUrn=%5B%22105490917%22%5D&start=0&origin=GLOBAL_SEARCH_HEADER
  -> /tmp/linkedin-v2-t23-ceo-sports-club-nz-p0.html
  KEEP: alfredpush | Alfred Jude Pushpakumar | Nueva Zelanda
  KEEP: wilson-irons-9736571a | Chief Financial Officer | is a community
  DROP(off-role): sandra-perry-b2784a1
  DROP(off-role): hugh-goddard-28995410
  KEEP: wayne-kevey-0ab2641b | Penny Taylor | Wayne Kevey
  KEEP: francesca-lever-eos | Wayne Kevey | en NZ Line Markers
  KEEP: peter-freeman-7983471b | Francesca Lever | Peter Freeman
  KEEP: aaron-myall | Peter Freeman | Sports
  KEEP: philip-hassall-34970917 | Philip Hassall | Chief Executive Officer at Hamilton Radi
  KEEP: paulwood1977 | Philip Hassall | en Midland Imaging Group Ltd
  KEEP: geoff-milner-9681b012 | Geoff Milner | Geoff Milner
  Page result: kept=9 dropped=2

[T2] CEO "sports club" | NZ | start=10
  URL: https://www.linkedin.com/search/results/people/?keywords=CEO+%22sports+club%22&geoUrn=%5B%22105490917%22%5D&start=10&origin=GLOBAL_SEARCH_HEADER
  -> /tmp/linkedin-v2-t23-ceo-sports-club-nz-p10.html
  Page result: kept=0 dropped=0

[T2] CEO "sports club" | NZ | start=20
  URL: https://www.linkedin.com/search/results/people/?keywords=CEO+%22sports+club%22&geoUrn=%5B%22105490917%22%5D&start=20&origin=GLOBAL_SEARCH_HEADER
  -> /tmp/linkedin-v2-t23-ceo-sports-club-nz-p20.html
  Page result: kept=0 dropped=0

  Query total kept: 9

[T2] Owner manufacturing | AU | start=0
  URL: https://www.linkedin.com/search/results/people/?keywords=Owner+manufacturing&geoUrn=%5B%22101452733%22%5D&start=0&origin=GLOBAL_SEARCH_HEADER
  -> /tmp/linkedin-v2-t23-owner-manufacturing-au-p0.html
  KEEP: paul-choi-aa393253 | Paul Choi | Sídney y alrededores
  KEEP: callum-manderson-60a94861 | Callum Manderson | Callum Manderson
  KEEP: chad-dillinger-09030a104 | Callum Manderson | Chad Dillinger
  KEEP: jonathan-gray-553b3549 | Callum Manderson | Jonathan Gray
  KEEP: emma-jackson-7659aa112 | Joel Wyld | es contacto en común
  KEEP: justinmilligan | Chris Catalovski | Chris Catalovski
  KEEP: larry-sher-a3949793 | Chris Catalovski | Business Owner at Chemgold
  KEEP: rami-elazzi-436aa044 | Larry Sher | Owner
  DROP(off-role): jstewartfrontlineexecutive
  KEEP: converdis | Converdis | Recruitment
  KEEP: bjrogers01 | Bjrogers01 | Recruitment
  DROP(off-role): behzad-reza-bapooji-8a090a230
  KEEP: erindemmery | Erindemmery | Owner
  KEEP: gary-price-materialised | Erin Demmery | es contacto en común
  KEEP: integratedmanagementsystems | Ryan Gray | son contactos en común
  KEEP: isaac-patturajan-ai-generalist-95b18a16 | John Walker | Owner
  KEEP: dominic-ralton-74229545 | Dominic Ralton 74229545 | es contacto en común
  KEEP: barry-oliver-94306a67 | Brendan Rogers | Brendan Rogers
  Page result: kept=16 dropped=2

[T2] Owner manufacturing | AU | start=10
  URL: https://www.linkedin.com/search/results/people/?keywords=Owner+manufacturing&geoUrn=%5B%22101452733%22%5D&start=10&origin=GLOBAL_SEARCH_HEADER
  -> /tmp/linkedin-v2-t23-owner-manufacturing-au-p10.html
  Page result: kept=0 dropped=0

[T2] Owner manufacturing | AU | start=20
  URL: https://www.linkedin.com/search/results/people/?keywords=Owner+manufacturing&geoUrn=%5B%22101452733%22%5D&start=20&origin=GLOBAL_SEARCH_HEADER
  -> /tmp/linkedin-v2-t23-owner-manufacturing-au-p20.html
  Page result: kept=0 dropped=0

  Query total kept: 16

[T2] Owner manufacturer | AU | start=0
  URL: https://www.linkedin.com/search/results/people/?keywords=Owner+manufacturer&geoUrn=%5B%22101452733%22%5D&start=0&origin=GLOBAL_SEARCH_HEADER
  -> /tmp/linkedin-v2-t23-owner-manufacturer-au-p0.html
  KEEP: adrian-kedwell-01223548 | Adrian Kedwell | Owner, Manufacturer & Project Manager.
  KEEP: acollison | Monte Huebsch | Mark Gemmell
  KEEP: mark-gemmell-9263a213 | Monte Huebsch | CEO Coastal Springs, bottled water manuf
  KEEP: johncodrington | John Codrington | Fiona Davis
  KEEP: fiona-davis-9b130a17 | John Codrington | Fiona Davis
  KEEP: jakob-mohr-99707990 | John Codrington | CEO / Founder of My Skincare Manufacture
  KEEP: dr-katy-gregory-pawlak-00434827 | Chris Catalovski | son contactos en común
  KEEP: karin-adcock-34b41039 | Chris Catalovski | Karin Adcock
  KEEP: bassamkhoreich | Ryan Gray | Bassam Khoreich
  KEEP: linda-pinkerton-8b74b46a | Ryan Gray | Owner and manufacturer  at Spellbound Bo
  KEEP: herbert-field-87551113 | Wayne Lennan | Wayne Lennan
  KEEP: jason-dallas-stenning-9533712b | Wayne Lennan | Founder / Owner / MD
  KEEP: petermcclelland1 | Ryan Gray | Chief Financial Officer @ Nuix Ltd
  KEEP: denise-dunn-b9767b8a | Denise Dunn B9767B8A | en Asian Craft World
  KEEP: jo-calliss | Denise Dunn | Owner
  Page result: kept=15 dropped=0

[T2] Owner manufacturer | AU | start=10
  URL: https://www.linkedin.com/search/results/people/?keywords=Owner+manufacturer&geoUrn=%5B%22101452733%22%5D&start=10&origin=GLOBAL_SEARCH_HEADER
  -> /tmp/linkedin-v2-t23-owner-manufacturer-au-p10.html
  Page result: kept=0 dropped=0

[T2] Owner manufacturer | AU | start=20
  URL: https://www.linkedin.com/search/results/people/?keywords=Owner+manufacturer&geoUrn=%5B%22101452733%22%5D&start=20&origin=GLOBAL_SEARCH_HEADER
  -> /tmp/linkedin-v2-t23-owner-manufacturer-au-p20.html
  Page result: kept=0 dropped=0

  Query total kept: 15

[T2] CFO retail | AU | start=0
  URL: https://www.linkedin.com/search/results/people/?keywords=CFO+retail&geoUrn=%5B%22101452733%22%5D&start=0&origin=GLOBAL_SEARCH_HEADER
  -> /tmp/linkedin-v2-t23-cfo-retail-au-p0.html
  KEEP: adrianleeeg | Adrian Lee | Sídney y alrededores
  KEEP: dane-crawford | Dane Crawford | Dane Crawford
  KEEP: ceresajohn | Consumer Goods | Group
  DROP(off-industry): eddie-chan-08636775
  KEEP: rob-gardiner-026ab214 | Rob Gardiner 026Ab214 | Retail
  KEEP: rodsullivan | Properties Ltd | Rob Gardiner
  KEEP: nicholas-west | Michelle Therma | Chief Financial Officer Pacific at Lagar
  KEEP: adam-piggott | Adam Piggott | Retail
  KEEP: jon-corney-938832124 | Adam Piggott | Jon Corney
  KEEP: jared-gashel-5427568 | Jon Corney | retail
  Page result: kept=9 dropped=1

[T2] CFO retail | AU | start=10
  URL: https://www.linkedin.com/search/results/people/?keywords=CFO+retail&geoUrn=%5B%22101452733%22%5D&start=10&origin=GLOBAL_SEARCH_HEADER
  -> /tmp/linkedin-v2-t23-cfo-retail-au-p10.html
  Page result: kept=0 dropped=0

[T2] CFO retail | AU | start=20
  URL: https://www.linkedin.com/search/results/people/?keywords=CFO+retail&geoUrn=%5B%22101452733%22%5D&start=20&origin=GLOBAL_SEARCH_HEADER
  -> /tmp/linkedin-v2-t23-cfo-retail-au-p20.html
  Page result: kept=0 dropped=0

  Query total kept: 9

[T2] Owner wholesale | AU | start=0
  URL: https://www.linkedin.com/search/results/people/?keywords=Owner+wholesale&geoUrn=%5B%22101452733%22%5D&start=0&origin=GLOBAL_SEARCH_HEADER
  -> /tmp/linkedin-v2-t23-owner-wholesale-au-p0.html
  KEEP: rod-harvey-a5412430 | Rod Harvey | Melbourne y alrededores
  KEEP: gavin-macrae-19b08453 | Pty Ltd | Gavin Macrae
  KEEP: craig-waanders-713284a4 | Pty Ltd | Gavin Macrae
  DROP(insurance-ecosystem(aig)): joseph-hamad-0a905b125
  KEEP: joseph-scarano-922b7625 | Joseph Hamad | Owner
  KEEP: nathanvincin | Nathanvincin | en Ronis Variety Discounts
  KEEP: angela-aldini-143b1113a | Nathan Vincin | Nathan Vincin
  KEEP: behzad-reza-bapooji-8a090a230 | Nathan Vincin | son contactos en común
  KEEP: sandra-benny-20330317 | Erin Demmery | es contacto en común
  DROP(off-role): scott-philipson-69780637
  KEEP: megan-barnes-7509a449 | Megan Barnes | Megan Barnes
  KEEP: chrismacphersonau | Megan Barnes | Megan Barnes
  KEEP: david-cohen-03864a9 | Megan Barnes | son contactos en común
  KEEP: andrew-fortey | Andrew Fortey | en Matchbox (Australia)
  KEEP: geoff-bromley-ab5486167 | Andrew Fortey | son contactos en común
  KEEP: tony-anthony-cordato-28894b1 | Tony Anthony Cordato 28894B1 | Tony (Anthony) Cordato
  KEEP: neilhowell147 | Neilhowell147 | Tony (Anthony) Cordato
  KEEP: david-rajaratnam | Neil Howell | CA, ACMA, CPA, MAICD
  DROP(off-industry): daniel-anania
  Page result: kept=16 dropped=3

[T2] Owner wholesale | AU | start=10
  URL: https://www.linkedin.com/search/results/people/?keywords=Owner+wholesale&geoUrn=%5B%22101452733%22%5D&start=10&origin=GLOBAL_SEARCH_HEADER
  -> /tmp/linkedin-v2-t23-owner-wholesale-au-p10.html
  Page result: kept=0 dropped=0

[T2] Owner wholesale | AU | start=20
  URL: https://www.linkedin.com/search/results/people/?keywords=Owner+wholesale&geoUrn=%5B%22101452733%22%5D&start=20&origin=GLOBAL_SEARCH_HEADER
  -> /tmp/linkedin-v2-t23-owner-wholesale-au-p20.html
  Page result: kept=0 dropped=0

  Query total kept: 16

[T2] Managing Director wholesale | AU | start=0
  URL: https://www.linkedin.com/search/results/people/?keywords=Managing+Director+wholesale&geoUrn=%5B%22101452733%22%5D&start=0&origin=GLOBAL_SEARCH_HEADER
  -> /tmp/linkedin-v2-t23-managing-director-wholesale-au-p0.html
  KEEP: brett-field-5a098419 | Brett Field | Sídney y alrededores
  KEEP: kathleen-warden-5a118b2 | Kathleen Warden 5A118B2 | & Facilities en BMS Risk Solutions Pty L
  KEEP: michael-resnikoff-mba-03b3622 | Michael Resnikoff Mba 03B3622 | & Facilities en BMS Risk Solutions Pty L
  KEEP: vanguardmarkcarlile | Kathleen Warden | Managing Director - Head of Wholesale   
  DROP(off-role): russell-meacham-45282a75
  KEEP: moe-bangura-961a8872 | Amen Zoabi | Director
  KEEP: hana-ayoub-b9984224 | Hana Ayoub | Riadh Debbabi
  KEEP: andrew-cull | Hana Ayoub | Riadh Debbabi
  KEEP: riadh-debbabi-1a29073b3 | Hana Ayoub | Wholesale Investors
  KEEP: craiggemmill | Andrew Morello | Andrew Morello
  KEEP: tironmanning | Tironmanning | Ir a mi sitio web
  KEEP: bryn-richards-28522046 | Bryn Richards | Bryn Richards
  KEEP: cooneycorey | Brendan Rogers | Corey Cooney
  DROP(insurance-ecosystem(aig)): chris-dimitropoulos-41b6871
  DROP(insurance-ecosystem(aig)): mel-jolly
  KEEP: mathew-wells-6b3a111 | Nada Jamal | Managing Director at Wholesale Magnets P
  Page result: kept=13 dropped=3

[T2] Managing Director wholesale | AU | start=10
  URL: https://www.linkedin.com/search/results/people/?keywords=Managing+Director+wholesale&geoUrn=%5B%22101452733%22%5D&start=10&origin=GLOBAL_SEARCH_HEADER
  -> /tmp/linkedin-v2-t23-managing-director-wholesale-au-p10.html
  Page result: kept=0 dropped=0

[T2] Managing Director wholesale | AU | start=20
  URL: https://www.linkedin.com/search/results/people/?keywords=Managing+Director+wholesale&geoUrn=%5B%22101452733%22%5D&start=20&origin=GLOBAL_SEARCH_HEADER
  -> /tmp/linkedin-v2-t23-managing-director-wholesale-au-p20.html
  Page result: kept=0 dropped=0

  Query total kept: 13

[T2] Owner wholesale | NZ | start=0
  URL: https://www.linkedin.com/search/results/people/?keywords=Owner+wholesale&geoUrn=%5B%22105490917%22%5D&start=0&origin=GLOBAL_SEARCH_HEADER
  -> /tmp/linkedin-v2-t23-owner-wholesale-nz-p0.html
  KEEP: brian-richardson-786b653b5 | Brian Richardson | Auckland, Auckland, Nueva Zelanda
  KEEP: oliver-blackburn-6b0020251 | Brian Richardson | Owner
  KEEP: bruce-wang-22a670311 | Property Owner | -Operator en OJB
  KEEP: stuart-jackson-a0541b14 | Bruce Wang | Owner
  KEEP: paul-salisbury-038161158 | Paul Salisbury | Paul Salisbury
  KEEP: darren-yearsley-22323530 | Paul Salisbury | Owner
  KEEP: brad-maclure-1a632b113 | Brad Maclure 1A632B113 | vehicles
  Page result: kept=7 dropped=0

[T2] Owner wholesale | NZ | start=10
  URL: https://www.linkedin.com/search/results/people/?keywords=Owner+wholesale&geoUrn=%5B%22105490917%22%5D&start=10&origin=GLOBAL_SEARCH_HEADER
  -> /tmp/linkedin-v2-t23-owner-wholesale-nz-p10.html
  Page result: kept=0 dropped=0

[T2] Owner wholesale | NZ | start=20
  URL: https://www.linkedin.com/search/results/people/?keywords=Owner+wholesale&geoUrn=%5B%22105490917%22%5D&start=20&origin=GLOBAL_SEARCH_HEADER
  -> /tmp/linkedin-v2-t23-owner-wholesale-nz-p20.html
  Page result: kept=0 dropped=0

  Query total kept: 7

[T2] Managing Director wholesale | NZ | start=0
  URL: https://www.linkedin.com/search/results/people/?keywords=Managing+Director+wholesale&geoUrn=%5B%22105490917%22%5D&start=0&origin=GLOBAL_SEARCH_HEADER
  -> /tmp/linkedin-v2-t23-managing-director-wholesale-nz-p0.html
  KEEP: brent-spillane-16aa5220 | Hein Cro | Hein Cro
  KEEP: johnathan-lopes-da-silva | Johnathan Lopes Da Silva | Director
  KEEP: andrew-jones-353439354 | Andrew Jones 353439354 | Director
  KEEP: matthew-hayne-02304617 | Matthew Hayne 02304617 | Director
  KEEP: bretthamiltontechlam | Matthew Hayne | Managing
  KEEP: adam-racomelara-862a4b2a | Adam Racomelara 862A4B2A | 4&nbsp;mil seguidores
  KEEP: nathan-s-a2b92622 | Chief Financial Officer | Director
  KEEP: daryl-sullivan-a3189a72 | Daryl Sullivan A3189A72 | Managing
  KEEP: rachel-aldikacti-8625676 | Rachel Aldikacti 8625676 | Director
  Page result: kept=9 dropped=0

[T2] Managing Director wholesale | NZ | start=10
  URL: https://www.linkedin.com/search/results/people/?keywords=Managing+Director+wholesale&geoUrn=%5B%22105490917%22%5D&start=10&origin=GLOBAL_SEARCH_HEADER
  -> /tmp/linkedin-v2-t23-managing-director-wholesale-nz-p10.html
  Page result: kept=0 dropped=0

[T2] Managing Director wholesale | NZ | start=20
  URL: https://www.linkedin.com/search/results/people/?keywords=Managing+Director+wholesale&geoUrn=%5B%22105490917%22%5D&start=20&origin=GLOBAL_SEARCH_HEADER
  -> /tmp/linkedin-v2-t23-managing-director-wholesale-nz-p20.html
  Page result: kept=0 dropped=0

  Query total kept: 9

[T2] Managing Director "supply chain" | AU | start=0
  URL: https://www.linkedin.com/search/results/people/?keywords=Managing+Director+%22supply+chain%22&geoUrn=%5B%22101452733%22%5D&start=0&origin=GLOBAL_SEARCH_HEADER
  -> /tmp/linkedin-v2-t23-managing-director-supply-chain-au-p0.html
  DROP(off-role): stephenbiss
  KEEP: donnellycs | Warwick Lawrence | Warwick Lawrence
  KEEP: richard-tonkin-42b7ba1 | Richard Tonkin 42B7Ba1 | en ColdRex - Cold Regional Express
  KEEP: trent-victorsen-a04512a6 | Richard Tonkin | Richard Tonkin
  KEEP: michaelaluague | Richard Tonkin | Michael Aluague
  KEEP: dan-lanigan-ryan-20bb89a0 | Vickie Robinson | Vickie Robinson
  KEEP: rakesh-shetty-8b2a9357 | Vickie Robinson | son contactos en común
  KEEP: jamie-wilson-41747146 | Chris Catalovski | Chris Catalovski
  KEEP: sebastianhb | Chris Catalovski | Logistics & Supply Chain
  KEEP: eva-cleary-6710531 | Eva Cleary | Eva Cleary
  KEEP: jasonmclauchlan | Eva Cleary | Eva Cleary
  KEEP: andrewrybalko | Eva Cleary | Andrew Rybalko
  DROP(off-industry): ron-dadd-87620918
  KEEP: jonathon-purbrick-38482024 | Ron Dadd | Ron Dadd
  KEEP: david-hyland-fraes-00191a50 | Ryan Gray | Managing Director Davele Group Pty Ltd
  KEEP: anthony-tony-warham-961b1215 | Grant Culshaw | Supply Chain Management
  KEEP: stephanie-hayden-safety | Stephanie Hayden | Stephanie Hayden
  KEEP: peter-harvey-5a1a0b17 | Stephanie Hayden | Stephanie Hayden
  Page result: kept=16 dropped=2

[T2] Managing Director "supply chain" | AU | start=10
  URL: https://www.linkedin.com/search/results/people/?keywords=Managing+Director+%22supply+chain%22&geoUrn=%5B%22101452733%22%5D&start=10&origin=GLOBAL_SEARCH_HEADER
  -> /tmp/linkedin-v2-t23-managing-director-supply-chain-au-p10.html
  Page result: kept=0 dropped=0

[T2] Managing Director "supply chain" | AU | start=20
  URL: https://www.linkedin.com/search/results/people/?keywords=Managing+Director+%22supply+chain%22&geoUrn=%5B%22101452733%22%5D&start=20&origin=GLOBAL_SEARCH_HEADER
  -> /tmp/linkedin-v2-t23-managing-director-supply-chain-au-p20.html
  Page result: kept=0 dropped=0

  Query total kept: 16

[T2] CEO hospitality | NZ | start=0
  URL: https://www.linkedin.com/search/results/people/?keywords=CEO+hospitality&geoUrn=%5B%22105490917%22%5D&start=0&origin=GLOBAL_SEARCH_HEADER
  -> /tmp/linkedin-v2-t23-ceo-hospitality-nz-p0.html
  KEEP: jamespomeroyminstd | James Pomeroy | Christchurch, Canterbury, Nueva Zelanda
  DROP(off-role): gert-taljaard
  KEEP: john-kim-4684a7167 | John Kim 4684A7167 | in South Africa and New Zealand.
  KEEP: julie-white-b061133b | Julie White B061133B | Industry
  DROP(off-role): jade-desiree-patel-a48b2a32
  KEEP: john-jaquish-ph-d-790b846 | Penny Taylor | Penny Taylor
  KEEP: will-vermeulen-8894428 | Penny Taylor | Will Vermeulen
  KEEP: abhishek-jain-91b93146 | Chief Executive Officer | . RIP…
  KEEP: anthony-khoury-09477b86 | Anthony Khoury | Anthony Khoury
  KEEP: justin-wyborn-484800102 | Tony Howlett | Hospitality
  KEEP: rob-rooney-1b00968b | Rob Rooney 1B00968B | precinct, Viaduct Harbour Holdings…
  Page result: kept=9 dropped=2

[T2] CEO hospitality | NZ | start=10
  URL: https://www.linkedin.com/search/results/people/?keywords=CEO+hospitality&geoUrn=%5B%22105490917%22%5D&start=10&origin=GLOBAL_SEARCH_HEADER
  -> /tmp/linkedin-v2-t23-ceo-hospitality-nz-p10.html
  Page result: kept=0 dropped=0

[T2] CEO hospitality | NZ | start=20
  URL: https://www.linkedin.com/search/results/people/?keywords=CEO+hospitality&geoUrn=%5B%22105490917%22%5D&start=20&origin=GLOBAL_SEARCH_HEADER
  -> /tmp/linkedin-v2-t23-ceo-hospitality-nz-p20.html
  Page result: kept=0 dropped=0

  Query total kept: 9

[T2] CFO logistics | AU | start=0
  URL: https://www.linkedin.com/search/results/people/?keywords=CFO+logistics&geoUrn=%5B%22101452733%22%5D&start=0&origin=GLOBAL_SEARCH_HEADER
  -> /tmp/linkedin-v2-t23-cfo-logistics-au-p0.html
  KEEP: michael-fiteni-05a97a67 | Michael Fiteni | Melbourne y alrededores
  KEEP: ross-castle | Ross Castle | Logistics
  DROP(off-industry): dburke3
  KEEP: david-allan-81706038 | David Allan | Beau Robinson
  KEEP: beaurobbo | David Allan | son contactos en común
  KEEP: iaingstewart | David Allan | Iain Stewart
  KEEP: bradgoodman1 | Iain Stewart | Logistics
  KEEP: stuart-herbert-514b1314 | Terry Rayner | 9 contactos más en común
  KEEP: shankar-balasubramaniam-a8243624 | Terry Rayner | CFO at Sandstone Technology
  KEEP: ian-mirels-833720141 | Tony Murr | Ian Mirels
  KEEP: sue-c-45082277 | Tony Murr | Sue C.
  KEEP: david-rafter-b0592428 | David Rafter | David Rafter
  KEEP: jamesmaganakis | Jamesmaganakis | Management
  KEEP: colin-petrie-2073 | Paul Wright | Colin Petrie
  Page result: kept=13 dropped=1

[T2] CFO logistics | AU | start=10
  URL: https://www.linkedin.com/search/results/people/?keywords=CFO+logistics&geoUrn=%5B%22101452733%22%5D&start=10&origin=GLOBAL_SEARCH_HEADER
  -> /tmp/linkedin-v2-t23-cfo-logistics-au-p10.html
  Page result: kept=0 dropped=0

[T2] CFO logistics | AU | start=20
  URL: https://www.linkedin.com/search/results/people/?keywords=CFO+logistics&geoUrn=%5B%22101452733%22%5D&start=20&origin=GLOBAL_SEARCH_HEADER
  -> /tmp/linkedin-v2-t23-cfo-logistics-au-p20.html
  Page result: kept=0 dropped=0

  Query total kept: 13

[T2] CFO freight | AU | start=0
  URL: https://www.linkedin.com/search/results/people/?keywords=CFO+freight&geoUrn=%5B%22101452733%22%5D&start=0&origin=GLOBAL_SEARCH_HEADER
  -> /tmp/linkedin-v2-t23-cfo-freight-au-p0.html
  Page result: kept=0 dropped=0

[T2] CFO freight | AU | start=10
  URL: https://www.linkedin.com/search/results/people/?keywords=CFO+freight&geoUrn=%5B%22101452733%22%5D&start=10&origin=GLOBAL_SEARCH_HEADER
  -> /tmp/linkedin-v2-t23-cfo-freight-au-p10.html
  Page result: kept=0 dropped=0

[T2] CFO freight | AU | start=20
  URL: https://www.linkedin.com/search/results/people/?keywords=CFO+freight&geoUrn=%5B%22101452733%22%5D&start=20&origin=GLOBAL_SEARCH_HEADER
  -> /tmp/linkedin-v2-t23-cfo-freight-au-p20.html
  Page result: kept=0 dropped=0

  Query total kept: 0

[T2] Founder manufacturing | AU | start=0
  URL: https://www.linkedin.com/search/results/people/?keywords=Founder+manufacturing&geoUrn=%5B%22101452733%22%5D&start=0&origin=GLOBAL_SEARCH_HEADER
  -> /tmp/linkedin-v2-t23-founder-manufacturing-au-p0.html
  Page result: kept=0 dropped=0

[T2] Founder manufacturing | AU | start=10
  URL: https://www.linkedin.com/search/results/people/?keywords=Founder+manufacturing&geoUrn=%5B%22101452733%22%5D&start=10&origin=GLOBAL_SEARCH_HEADER
  -> /tmp/linkedin-v2-t23-founder-manufacturing-au-p10.html
  Page result: kept=0 dropped=0

[T2] Founder manufacturing | AU | start=20
  URL: https://www.linkedin.com/search/results/people/?keywords=Founder+manufacturing&geoUrn=%5B%22101452733%22%5D&start=20&origin=GLOBAL_SEARCH_HEADER
  -> /tmp/linkedin-v2-t23-founder-manufacturing-au-p20.html
  Page result: kept=0 dropped=0

  Query total kept: 0

[T3] CEO "retail group" | AU | start=0
  URL: https://www.linkedin.com/search/results/people/?keywords=CEO+%22retail+group%22&geoUrn=%5B%22101452733%22%5D&start=0&origin=GLOBAL_SEARCH_HEADER
  -> /tmp/linkedin-v2-t23-ceo-retail-group-au-p0.html
  Page result: kept=0 dropped=0

[T3] CEO "retail group" | AU | start=10
  URL: https://www.linkedin.com/search/results/people/?keywords=CEO+%22retail+group%22&geoUrn=%5B%22101452733%22%5D&start=10&origin=GLOBAL_SEARCH_HEADER
  -> /tmp/linkedin-v2-t23-ceo-retail-group-au-p10.html
  Page result: kept=0 dropped=0

[T3] CEO "retail group" | AU | start=20
  URL: https://www.linkedin.com/search/results/people/?keywords=CEO+%22retail+group%22&geoUrn=%5B%22101452733%22%5D&start=20&origin=GLOBAL_SEARCH_HEADER
  -> /tmp/linkedin-v2-t23-ceo-retail-group-au-p20.html
  Page result: kept=0 dropped=0

  Query total kept: 0

[T3] Managing Director retail | AU | start=0
  URL: https://www.linkedin.com/search/results/people/?keywords=Managing+Director+retail&geoUrn=%5B%22101452733%22%5D&start=0&origin=GLOBAL_SEARCH_HEADER
  -> /tmp/linkedin-v2-t23-managing-director-retail-au-p0.html
  Page result: kept=0 dropped=0

[T3] Managing Director retail | AU | start=10
  URL: https://www.linkedin.com/search/results/people/?keywords=Managing+Director+retail&geoUrn=%5B%22101452733%22%5D&start=10&origin=GLOBAL_SEARCH_HEADER
  -> /tmp/linkedin-v2-t23-managing-director-retail-au-p10.html
  Page result: kept=0 dropped=0

[T3] Managing Director retail | AU | start=20
  URL: https://www.linkedin.com/search/results/people/?keywords=Managing+Director+retail&geoUrn=%5B%22101452733%22%5D&start=20&origin=GLOBAL_SEARCH_HEADER
  -> /tmp/linkedin-v2-t23-managing-director-retail-au-p20.html
  Page result: kept=0 dropped=0

  Query total kept: 0

[T3] Owner retail | AU | start=0
  URL: https://www.linkedin.com/search/results/people/?keywords=Owner+retail&geoUrn=%5B%22101452733%22%5D&start=0&origin=GLOBAL_SEARCH_HEADER
  -> /tmp/linkedin-v2-t23-owner-retail-au-p0.html
  Page result: kept=0 dropped=0

[T3] Owner retail | AU | start=10
  URL: https://www.linkedin.com/search/results/people/?keywords=Owner+retail&geoUrn=%5B%22101452733%22%5D&start=10&origin=GLOBAL_SEARCH_HEADER
  -> /tmp/linkedin-v2-t23-owner-retail-au-p10.html
  Page result: kept=0 dropped=0

[T3] Owner retail | AU | start=20
  URL: https://www.linkedin.com/search/results/people/?keywords=Owner+retail&geoUrn=%5B%22101452733%22%5D&start=20&origin=GLOBAL_SEARCH_HEADER
  -> /tmp/linkedin-v2-t23-owner-retail-au-p20.html
  Page result: kept=0 dropped=0

  Query total kept: 0

[T3] CEO "tour operator" | AU | start=0
  URL: https://www.linkedin.com/search/results/people/?keywords=CEO+%22tour+operator%22&geoUrn=%5B%22101452733%22%5D&start=0&origin=GLOBAL_SEARCH_HEADER
  -> /tmp/linkedin-v2-t23-ceo-tour-operator-au-p0.html
  Page result: kept=0 dropped=0

[T3] CEO "tour operator" | AU | start=10
  URL: https://www.linkedin.com/search/results/people/?keywords=CEO+%22tour+operator%22&geoUrn=%5B%22101452733%22%5D&start=10&origin=GLOBAL_SEARCH_HEADER
  -> /tmp/linkedin-v2-t23-ceo-tour-operator-au-p10.html
  Page result: kept=0 dropped=0

[T3] CEO "tour operator" | AU | start=20
  URL: https://www.linkedin.com/search/results/people/?keywords=CEO+%22tour+operator%22&geoUrn=%5B%22101452733%22%5D&start=20&origin=GLOBAL_SEARCH_HEADER
  -> /tmp/linkedin-v2-t23-ceo-tour-operator-au-p20.html
  Page result: kept=0 dropped=0

  Query total kept: 0

[T3] CEO "tour operator" | NZ | start=0
  URL: https://www.linkedin.com/search/results/people/?keywords=CEO+%22tour+operator%22&geoUrn=%5B%22105490917%22%5D&start=0&origin=GLOBAL_SEARCH_HEADER
  -> /tmp/linkedin-v2-t23-ceo-tour-operator-nz-p0.html
  Page result: kept=0 dropped=0

[T3] CEO "tour operator" | NZ | start=10
  URL: https://www.linkedin.com/search/results/people/?keywords=CEO+%22tour+operator%22&geoUrn=%5B%22105490917%22%5D&start=10&origin=GLOBAL_SEARCH_HEADER
  -> /tmp/linkedin-v2-t23-ceo-tour-operator-nz-p10.html
  Page result: kept=0 dropped=0

[T3] CEO "tour operator" | NZ | start=20
  URL: https://www.linkedin.com/search/results/people/?keywords=CEO+%22tour+operator%22&geoUrn=%5B%22105490917%22%5D&start=20&origin=GLOBAL_SEARCH_HEADER
  -> /tmp/linkedin-v2-t23-ceo-tour-operator-nz-p20.html
  Page result: kept=0 dropped=0

  Query total kept: 0

[T3] Founder hospitality | AU | start=0
  URL: https://www.linkedin.com/search/results/people/?keywords=Founder+hospitality&geoUrn=%5B%22101452733%22%5D&start=0&origin=GLOBAL_SEARCH_HEADER
  -> /tmp/linkedin-v2-t23-founder-hospitality-au-p0.html
  Page result: kept=0 dropped=0

[T3] Founder hospitality | AU | start=10
  URL: https://www.linkedin.com/search/results/people/?keywords=Founder+hospitality&geoUrn=%5B%22101452733%22%5D&start=10&origin=GLOBAL_SEARCH_HEADER
  -> /tmp/linkedin-v2-t23-founder-hospitality-au-p10.html
  Page result: kept=0 dropped=0

[T3] Founder hospitality | AU | start=20
  URL: https://www.linkedin.com/search/results/people/?keywords=Founder+hospitality&geoUrn=%5B%22101452733%22%5D&start=20&origin=GLOBAL_SEARCH_HEADER
  -> /tmp/linkedin-v2-t23-founder-hospitality-au-p20.html
  Page result: kept=0 dropped=0

  Query total kept: 0

[T3] Founder tourism | AU | start=0
  URL: https://www.linkedin.com/search/results/people/?keywords=Founder+tourism&geoUrn=%5B%22101452733%22%5D&start=0&origin=GLOBAL_SEARCH_HEADER
  -> /tmp/linkedin-v2-t23-founder-tourism-au-p0.html
  Page result: kept=0 dropped=0

[T3] Founder tourism | AU | start=10
  URL: https://www.linkedin.com/search/results/people/?keywords=Founder+tourism&geoUrn=%5B%22101452733%22%5D&start=10&origin=GLOBAL_SEARCH_HEADER
  -> /tmp/linkedin-v2-t23-founder-tourism-au-p10.html
  Page result: kept=0 dropped=0

[T3] Founder tourism | AU | start=20
  URL: https://www.linkedin.com/search/results/people/?keywords=Founder+tourism&geoUrn=%5B%22101452733%22%5D&start=20&origin=GLOBAL_SEARCH_HEADER
  -> /tmp/linkedin-v2-t23-founder-tourism-au-p20.html
  Page result: kept=0 dropped=0

  Query total kept: 0

[T3] CEO warehousing | AU | start=0
  URL: https://www.linkedin.com/search/results/people/?keywords=CEO+warehousing&geoUrn=%5B%22101452733%22%5D&start=0&origin=GLOBAL_SEARCH_HEADER
  -> /tmp/linkedin-v2-t23-ceo-warehousing-au-p0.html
  KEEP: fanny-smithers-1a3ba973 | Fanny Smithers | Chad Dillinger
  KEEP: nairashok | Warwick Lawrence | CTO
  KEEP: louise-mercer | Vivek Bhatia | 2 contactos más en común
  DROP(insurance-ecosystem(aig)): dainu
  KEEP: john-pallister-ab38051 | Jamie Wilson | Ir a mi sitio web
  KEEP: kevin-jamieson-bri | Andrew Buncombe | Kevin Jamieson
  DROP(off-industry): jobaker1
  DROP(insurance-ecosystem(aig)): lara-a-05b69064
  Page result: kept=5 dropped=3

[T3] CEO warehousing | AU | start=10
  URL: https://www.linkedin.com/search/results/people/?keywords=CEO+warehousing&geoUrn=%5B%22101452733%22%5D&start=10&origin=GLOBAL_SEARCH_HEADER
  -> /tmp/linkedin-v2-t23-ceo-warehousing-au-p10.html
  Page result: kept=0 dropped=0

[T3] CEO warehousing | AU | start=20
  URL: https://www.linkedin.com/search/results/people/?keywords=CEO+warehousing&geoUrn=%5B%22101452733%22%5D&start=20&origin=GLOBAL_SEARCH_HEADER
  -> /tmp/linkedin-v2-t23-ceo-warehousing-au-p20.html
  Page result: kept=0 dropped=0

  Query total kept: 5

[T3] Managing Director warehousing | AU | start=0
  URL: https://www.linkedin.com/search/results/people/?keywords=Managing+Director+warehousing&geoUrn=%5B%22101452733%22%5D&start=0&origin=GLOBAL_SEARCH_HEADER
  -> /tmp/linkedin-v2-t23-managing-director-warehousing-au-p0.html
  KEEP: shayne-mcdonnell-58418493 | Chris Catalovski | Managing Director of 3PL Warehousing
  KEEP: mrpestcontroller | Osman Dincer | Todd Moore
  KEEP: carterrobin | Robin Carter | Graham Ryall
  KEEP: dihenneberry | Robin Carter | Graham Ryall
  KEEP: graham-ryall-09883417 | Robin Carter | Managing Director at Coastal Transport S
  KEEP: metcalfegreg | Monte Huebsch | Managing Director and Maritime Executive
  KEEP: mat-vermeulen-185a931b | Brendan Rogers | son contactos en común
  KEEP: richard-o-grady-b3130527 | Managing Director | Director
  Page result: kept=8 dropped=0

[T3] Managing Director warehousing | AU | start=10
  URL: https://www.linkedin.com/search/results/people/?keywords=Managing+Director+warehousing&geoUrn=%5B%22101452733%22%5D&start=10&origin=GLOBAL_SEARCH_HEADER
  -> /tmp/linkedin-v2-t23-managing-director-warehousing-au-p10.html
  Page result: kept=0 dropped=0

[T3] Managing Director warehousing | AU | start=20
  URL: https://www.linkedin.com/search/results/people/?keywords=Managing+Director+warehousing&geoUrn=%5B%22101452733%22%5D&start=20&origin=GLOBAL_SEARCH_HEADER
  -> /tmp/linkedin-v2-t23-managing-director-warehousing-au-p20.html
  Page result: kept=0 dropped=0

  Query total kept: 8

[T3] CEO transport | AU | start=0
  URL: https://www.linkedin.com/search/results/people/?keywords=CEO+transport&geoUrn=%5B%22101452733%22%5D&start=0&origin=GLOBAL_SEARCH_HEADER
  -> /tmp/linkedin-v2-t23-ceo-transport-au-p0.html
  KEEP: andrewsedrak | Andrew Sedrak | Sídney y alrededores
  KEEP: margy-osmond-a62403146 | Tony Murr | Chief Executive Officer - Tourism & Tran
  KEEP: evan-lucas-44a25316 | Evan Lucas | Evan Lucas
  KEEP: jai-mcdermott-1853011a | Evan Lucas | Evan Lucas
  KEEP: carla-n-50993614 | Evan Lucas | Chief Executive Officer
  KEEP: ehssan-veiszadeh-a7107a6 | Rich Harvey | Chair, Salaam Institute
  KEEP: natasha-kaminski-3607871 | Bassam Khoreich | Chief Executive Officer
  KEEP: angelo-scalise-a4185547 | Con Verdis | 3 contactos más en común
  KEEP: john-kavalieros | Con Verdis | Innovation, Strategy, Sustainability
  KEEP: james-pibworth-28b0243b | Mutual Credit Union | Jamie Wilson
  KEEP: nathan-perrott-a8a254106 | James Pibworth | Nathan Perrott
  KEEP: ross-longmire-345b8629 | Bassam Khoreich | Chief Executive Officer at Followmont Tr
  KEEP: michael-hopkins-6515a614 | Monte Huebsch | CEO and Commissioner, National Transport
  KEEP: pkahlert | Adam Racomelara | CEO - All Purpose Transport (APT)
  Page result: kept=14 dropped=0

[T3] CEO transport | AU | start=10
  URL: https://www.linkedin.com/search/results/people/?keywords=CEO+transport&geoUrn=%5B%22101452733%22%5D&start=10&origin=GLOBAL_SEARCH_HEADER
  -> /tmp/linkedin-v2-t23-ceo-transport-au-p10.html
  Page result: kept=0 dropped=0

[T3] CEO transport | AU | start=20
  URL: https://www.linkedin.com/search/results/people/?keywords=CEO+transport&geoUrn=%5B%22101452733%22%5D&start=20&origin=GLOBAL_SEARCH_HEADER
  -> /tmp/linkedin-v2-t23-ceo-transport-au-p20.html
  Page result: kept=0 dropped=0

  Query total kept: 14

[T3] CFO transport | AU | start=0
  URL: https://www.linkedin.com/search/results/people/?keywords=CFO+transport&geoUrn=%5B%22101452733%22%5D&start=0&origin=GLOBAL_SEARCH_HEADER
  -> /tmp/linkedin-v2-t23-cfo-transport-au-p0.html
  KEEP: john-duncan-pearson | Chief Financial Officer | Newcastle, Nueva Gales del Sur, Australi
  KEEP: paulcallinan | Paul Callinan | Grant Culshaw
  KEEP: jose-enrique-diaz | Paul Callinan | Jose Diaz
  KEEP: alex-dunne-77869657 | Alex Dunne 77869657 | for NSW
  KEEP: mark-benson-4a698647 | Chief Financial Officer | Mark Benson
  KEEP: reshmi-nair-90456125 | Mark Benson | Reshmi Nair
  KEEP: philbamback | Phil Bamback | es contacto en común
  KEEP: dr-rexine-jones-cert-edc-gaicd-mba-phd-b49739 | Phil Bamback | Doctorate of Financial Structuring and S
  KEEP: bill-callan-8bb6451a | Bill Callan | Marilyn Maros
  KEEP: marilyn-maros-b42067169 | Bill Callan | Melbourne, Victoria, Australia
  KEEP: bruce-mitchell-perth | Phil Bamback | CFO at Varley Transport and Trojan Haula
  KEEP: andrew-newman-5a79933a | Bruce Mitchell | en Powerform Holdings (trading as Varley
  KEEP: petercrimp | Chris Catalovski | Infrastructure |
  KEEP: sandeepvermacfo | Chief Financial Officer | Asset Holding Entity…
  Page result: kept=14 dropped=0

[T3] CFO transport | AU | start=10
  URL: https://www.linkedin.com/search/results/people/?keywords=CFO+transport&geoUrn=%5B%22101452733%22%5D&start=10&origin=GLOBAL_SEARCH_HEADER
  -> /tmp/linkedin-v2-t23-cfo-transport-au-p10.html
  Page result: kept=0 dropped=0

[T3] CFO transport | AU | start=20
  URL: https://www.linkedin.com/search/results/people/?keywords=CFO+transport&geoUrn=%5B%22101452733%22%5D&start=20&origin=GLOBAL_SEARCH_HEADER
  -> /tmp/linkedin-v2-t23-cfo-transport-au-p20.html
  Page result: kept=0 dropped=0

  Query total kept: 14

[T3] CEO "food manufacturing" | AU | start=0
  URL: https://www.linkedin.com/search/results/people/?keywords=CEO+%22food+manufacturing%22&geoUrn=%5B%22101452733%22%5D&start=0&origin=GLOBAL_SEARCH_HEADER
  -> /tmp/linkedin-v2-t23-ceo-food-manufacturing-au-p0.html
  KEEP: ramesh-thapa-b0840530 | Chief Executive Officer | Sídney, Nueva Gales del Sur, Australia
  KEEP: felipe-demartini-9a425117 | Chief Executive Officer | Pty Ltd
  KEEP: sean-green-b9895b14 | Geoff Crews | Geoff Crews
  KEEP: spiro-michas | Geoff Crews | son contactos en común
  KEEP: michael-tlais-12b46743 | Michael Tlais | Michael Tlais
  KEEP: carmine-ventura-a1302658 | Michael Tlais | Carmine Ventura
  KEEP: akshayanaronikar | Akshaya Naronikar | 6 contactos más en común
  KEEP: greg-meddick-580384110 | Akshaya Naronikar | Chief Financial Officer
  KEEP: lachlan-harcourt-a631244 | Lachlan Harcourt | Lachlan Harcourt
  KEEP: gill-collins-gaicd-67841a12 | Lachlan Harcourt | Lachlan Harcourt
  KEEP: david-charles-51012138 | Lachlan Harcourt | CEO: Food & Manufacturing Specialist
  DROP(off-role): simon-bartter-4313501b
  KEEP: chris-burton-85b299b0 | Rob Baker | Chris Burton
  KEEP: tammie-philllips | Rob Baker | Tammie Phillips
  KEEP: bruce-feodoroff-4a896458 | Grant Culshaw | Chief Operating Officer
  KEEP: amir-arjmand | Nada Jamal | Chief Executive Officer at Edlyn Foods
  Page result: kept=15 dropped=1

[T3] CEO "food manufacturing" | AU | start=10
  URL: https://www.linkedin.com/search/results/people/?keywords=CEO+%22food+manufacturing%22&geoUrn=%5B%22101452733%22%5D&start=10&origin=GLOBAL_SEARCH_HEADER
  -> /tmp/linkedin-v2-t23-ceo-food-manufacturing-au-p10.html
  Page result: kept=0 dropped=0

[T3] CEO "food manufacturing" | AU | start=20
  URL: https://www.linkedin.com/search/results/people/?keywords=CEO+%22food+manufacturing%22&geoUrn=%5B%22101452733%22%5D&start=20&origin=GLOBAL_SEARCH_HEADER
  -> /tmp/linkedin-v2-t23-ceo-food-manufacturing-au-p20.html
  Page result: kept=0 dropped=0

  Query total kept: 15

[T3] Managing Director "food manufacturing" | AU | start=0
  URL: https://www.linkedin.com/search/results/people/?keywords=Managing+Director+%22food+manufacturing%22&geoUrn=%5B%22101452733%22%5D&start=0&origin=GLOBAL_SEARCH_HEADER
  -> /tmp/linkedin-v2-t23-managing-director-food-manufacturing-au-p0.html
  KEEP: tim-allman | Tim Allman | Moama, Nueva Gales del Sur, Australia
  KEEP: rebeccahmcintyre | Rebeccahmcintyre | Solutions
  KEEP: williamliumottomotto | William Liu | William Liu
  KEEP: max-buontempo-59b0a959 | Angela Aldini | Angela Aldini
  KEEP: manuel-meletis-71b9a42b | Ross Herdman | Director at Shire Foods
  KEEP: paulsiderovski | Paulsiderovski | Managing
  KEEP: miranda-higgins-bb56b226 | Paul Siderovski | Paul Siderovski
  KEEP: anthony-firth-0260399b | Ran Sun | Managing Director at RWW GROUP
  KEEP: iain-morris-2a874718 | Nada Jamal | Nada Jamal
  KEEP: julian-morton-a734822 | Julian Morton | Julian Morton
  KEEP: sharda-nanda-singh | Julian Morton | Managing Director
  KEEP: frank-buontempo | Frank Buontempo | Isaac Patturajan AI Generalist
  KEEP: john-ranicar | Akshaya Naronikar | CEO at The Forager Food Co.
  Page result: kept=13 dropped=0

[T3] Managing Director "food manufacturing" | AU | start=10
  URL: https://www.linkedin.com/search/results/people/?keywords=Managing+Director+%22food+manufacturing%22&geoUrn=%5B%22101452733%22%5D&start=10&origin=GLOBAL_SEARCH_HEADER
  -> /tmp/linkedin-v2-t23-managing-director-food-manufacturing-au-p10.html
  Page result: kept=0 dropped=0

[T3] Managing Director "food manufacturing" | AU | start=20
  URL: https://www.linkedin.com/search/results/people/?keywords=Managing+Director+%22food+manufacturing%22&geoUrn=%5B%22101452733%22%5D&start=20&origin=GLOBAL_SEARCH_HEADER
  -> /tmp/linkedin-v2-t23-managing-director-food-manufacturing-au-p20.html
  Page result: kept=0 dropped=0

  Query total kept: 13

[T3] Owner manufacturer | NZ | start=0
  URL: https://www.linkedin.com/search/results/people/?keywords=Owner+manufacturer&geoUrn=%5B%22105490917%22%5D&start=0&origin=GLOBAL_SEARCH_HEADER
  -> /tmp/linkedin-v2-t23-owner-manufacturer-nz-p0.html
  KEEP: jordidu | Managing Director | Auckland, Auckland, Nueva Zelanda
  KEEP: poppy-griffiths-23b65b31 | Managing Director | Owner
  KEEP: chris-v-a729579 | Chris V A729579 | Chris V.
  KEEP: david-stanners-15a23080 | David Stanners | David Stanners
  KEEP: ryanbowman1 | Ryan Bowman | Ir a mi sitio web
  KEEP: vehicle-fleet-asset-leasing | Ryan Bowman | Ir a mi sitio web
  KEEP: sanstonenz | Sanstonenz | Director at Sanstone NZ
  KEEP: cathymallen | Nueva Zelanda | Cathy Allen MBA
  KEEP: anna-scott-00375998 | Anna Scott | Auckland, Auckland, Nueva Zelanda
  KEEP: michelle-kidd-gaicd-76677a8 | Michelle Kidd Gaicd 76677A8 | Michelle Kidd, GAICD
  Page result: kept=10 dropped=0

[T3] Owner manufacturer | NZ | start=10
  URL: https://www.linkedin.com/search/results/people/?keywords=Owner+manufacturer&geoUrn=%5B%22105490917%22%5D&start=10&origin=GLOBAL_SEARCH_HEADER
  -> /tmp/linkedin-v2-t23-owner-manufacturer-nz-p10.html
  Page result: kept=0 dropped=0

[T3] Owner manufacturer | NZ | start=20
  URL: https://www.linkedin.com/search/results/people/?keywords=Owner+manufacturer&geoUrn=%5B%22105490917%22%5D&start=20&origin=GLOBAL_SEARCH_HEADER
  -> /tmp/linkedin-v2-t23-owner-manufacturer-nz-p20.html
  Page result: kept=0 dropped=0

  Query total kept: 10

[T3] CFO retail | NZ | start=0
  URL: https://www.linkedin.com/search/results/people/?keywords=CFO+retail&geoUrn=%5B%22105490917%22%5D&start=0&origin=GLOBAL_SEARCH_HEADER
  -> /tmp/linkedin-v2-t23-cfo-retail-nz-p0.html
  KEEP: rudy-sheriff-b30a0a34 | Nueva Zelanda | Rudy Sheriff
  KEEP: sheenal-s-545126159 | Chris Damsteegt | Auckland, Auckland, Nueva Zelanda
  DROP(off-role): sean-church-9bb30219
  KEEP: lachlan-jacobson-1528103b | Sean Church | Chief Financial Officer
  KEEP: john-rae-8900b592 | Lachlan Jacobson | es contacto en común
  Page result: kept=4 dropped=1

[T3] CFO retail | NZ | start=10
  URL: https://www.linkedin.com/search/results/people/?keywords=CFO+retail&geoUrn=%5B%22105490917%22%5D&start=10&origin=GLOBAL_SEARCH_HEADER
  -> /tmp/linkedin-v2-t23-cfo-retail-nz-p10.html
  Page result: kept=0 dropped=0

[T3] CFO retail | NZ | start=20
  URL: https://www.linkedin.com/search/results/people/?keywords=CFO+retail&geoUrn=%5B%22105490917%22%5D&start=20&origin=GLOBAL_SEARCH_HEADER
  -> /tmp/linkedin-v2-t23-cfo-retail-nz-p20.html
  Page result: kept=0 dropped=0

  Query total kept: 4

==================================================
DONE: fetched=108 queries, total new rows=326

Final: 326 new rows appended to roster.tsv
