Campaign: Chris Graham — National Risk Solutions C-suite outreach (S&P only)
T1 @ .: 15 task(s) — tracey-phillips, william-parker, tracey-broadhead, waynegolledge, tony-m-11583518, thomas-delaney, wise-chan, thomas-dillon, tim-ezzy, toby-lee, truc-nguyen, toni-mcalpine, steve-skinner, wayne-gates, warwick-lorenz
  [START] steve-skinner
  [START] thomas-delaney
  [START] thomas-dillon
  [START] tim-ezzy
  [START] thomas-delaney
  [START] tim-ezzy
  [START] steve-skinner
  [START] thomas-dillon
  [START] thomas-delaney
  [START] thomas-delaney
  [START] thomas-delaney
  [START] thomas-delaney
  [START] thomas-delaney
  [START] thomas-delaney
  [START] thomas-delaney
  [START] thomas-delaney
  [START] thomas-delaney
  [START] thomas-delaney
  [START] thomas-delaney
  [START] thomas-delaney
  [START] thomas-delaney
  [START] thomas-delaney
  [DONE ] thomas-delaney
  [START] toby-lee
  [START] toby-lee
  [START] tim-ezzy
  [START] tim-ezzy
  [START] tim-ezzy
  [START] tim-ezzy
  [START] tim-ezzy
  [START] tim-ezzy
  [START] tim-ezzy
  [START] tim-ezzy
  [START] tim-ezzy
  [START] tim-ezzy
  [START] tim-ezzy
  [START] tim-ezzy
  [START] tim-ezzy
  [START] tim-ezzy
  [DONE ] tim-ezzy
  [START] toni-mcalpine
  [START] toni-mcalpine
  [START] thomas-dillon
  [START] toby-lee
  [START] thomas-dillon
  [START] thomas-dillon
  [START] thomas-dillon
  [START] thomas-dillon
  [START] thomas-dillon
  [START] thomas-dillon
  [START] thomas-dillon
  [START] thomas-dillon
  [START] thomas-dillon
  [START] thomas-dillon
  [START] thomas-dillon
  [START] thomas-dillon
  [START] thomas-dillon
  [DONE ] thomas-dillon
  [START] tony-m-11583518
  [START] tony-m-11583518
  [START] toby-lee
  [START] toby-lee
  [START] toby-lee
  [START] toby-lee
  [START] toby-lee
  [START] toby-lee
  [START] toby-lee
  [START] toby-lee
  [START] toby-lee
  [START] toby-lee
  [START] toby-lee
  [START] toby-lee
  [START] toby-lee
  [DONE ] toby-lee
  [START] tracey-broadhead
  [START] tracey-broadhead
  [START] steve-skinner
  [DONE ] steve-skinner
  [START] tracey-phillips
  [START] tracey-phillips
  [START] toni-mcalpine
  [START] toni-mcalpine
  [START] toni-mcalpine
  [START] toni-mcalpine
  [START] toni-mcalpine
  [START] toni-mcalpine
  [START] toni-mcalpine
  [START] toni-mcalpine
  [START] toni-mcalpine
  [START] toni-mcalpine
  [START] toni-mcalpine
  [START] toni-mcalpine
  [START] toni-mcalpine
  [START] toni-mcalpine
  [DONE ] toni-mcalpine
  [START] truc-nguyen
  [START] truc-nguyen
  [START] tracey-phillips
  [START] tony-m-11583518
  [DONE ] tony-m-11583518
  [START] warwick-lorenz
  [START] warwick-lorenz
  [START] truc-nguyen
  [START] tracey-phillips
  [START] tracey-phillips
  [START] tracey-phillips
  [START] tracey-phillips
  [START] tracey-phillips
  [START] tracey-phillips
  [START] tracey-phillips
  [START] tracey-phillips
  [START] tracey-phillips
  [START] tracey-phillips
  [START] tracey-phillips
  [START] tracey-phillips
  [START] tracey-phillips
  [DONE ] tracey-phillips
  [START] wayne-gates
  [START] wayne-gates
  [START] truc-nguyen
  [START] truc-nguyen
  [START] truc-nguyen
  [START] truc-nguyen
  [START] truc-nguyen
  [START] truc-nguyen
  [START] truc-nguyen
  [START] truc-nguyen
  [START] truc-nguyen
  [START] truc-nguyen
  [START] truc-nguyen
  [START] truc-nguyen
  [START] truc-nguyen
  [DONE ] truc-nguyen
  [START] waynegolledge
  [START] waynegolledge
  [START] tracey-broadhead
  [DONE ] tracey-broadhead
  [START] william-parker
  [START] william-parker
  [START] waynegolledge
  [START] william-parker
  [START] wayne-gates
  [DONE ] wayne-gates
  [START] wise-chan
  [START] wise-chan
  [START] waynegolledge
  [START] waynegolledge
  [START] waynegolledge
  [START] waynegolledge
  [START] waynegolledge
  [START] waynegolledge
  [START] waynegolledge
  [START] waynegolledge
  [START] waynegolledge
  [START] waynegolledge
  [START] waynegolledge
  [START] waynegolledge
  [START] waynegolledge
  [DONE ] waynegolledge
  [START] william-parker
  [START] william-parker
  [START] william-parker
  [START] william-parker
  [START] william-parker
  [START] william-parker
  [START] william-parker
  [START] william-parker
  [START] william-parker
  [START] william-parker
  [START] william-parker
  [START] william-parker
  [START] william-parker
  [DONE ] william-parker
  [START] warwick-lorenz
  [DONE ] warwick-lorenz
  [START] wise-chan
  [START] wise-chan
  [START] wise-chan
  [START] wise-chan
  [START] wise-chan
  [START] wise-chan
  [START] wise-chan
  [START] wise-chan
  [START] wise-chan
  [START] wise-chan
  [START] wise-chan
  [START] wise-chan
  [START] wise-chan
  [START] wise-chan
  [DONE ] wise-chan

=== Summary ===
Done:   15
Failed: 0
