Campaign: Chris Graham — National Risk Solutions C-suite outreach (S&P only)
T1 @ .: 141 task(s) — jatin-rangras, fiona-comben, faez-norouzian, david-cuda, ryan-south, larissa-bridge, geoff-henderson, marc-chiarella, andrew-broughton, michael-resnikoff, stuartbrownau, andrew-batchelar, joe-mccabe, rachael-lindsay, hamish-mcdonald, george-kingsley, craigwest, martinsgchristmas, campbell-mitchell, henry-wallace, tracey-phillips, nickhakes, david-sharman, audrey-scheurich, william-parker, james-georgeson, tracey-broadhead, kathleen-warden, alicialillington, gerard-sitaramayya, richharvey, dr-rexine, bill-callan, paulawright, tanuja-bissa, brett-gregory, nadajamal4, dustinepang, peter-white, david-arnold, simon-officer, scottphenshaw, waynegolledge, jasmine-sim, grantstevenculshaw, marco-fredriks, greg-bird, phillip-bailey, seankam, murray-chamberlain, mark-conelly, hamish-davidson, rosalielau, sunny-kapoor, mark-sherwin, rudy-sheriff, ed-madon, andrew-harwood, melinda-watson, george-anagnostellis, michael-dalton, francine-hackett, joel-wyld, michael-sacke, michael-parrott, lachlan-jacobson, laurastonehouse, mark-malley, andrew-donaldson, ian-mirels, tony-m-11583518, damian-mathews, louie-psaroulis, kenphillips1, mat-holland, jashan-randhawa, derek-jorgensen, markshellerinsurancelawexpert, angela-andrews, scottyschindler, matthew-griffin, chrissereika, dennis-sanders, matthew-bone, andrew-buncombe, andrewpbrooke, christine-wright, steven-mclauchlan, sahreena-mohammed, sam-lawrence, chris-ristevski, john-rae, daniekeyser, richard-moxham, rob-richard, meenawahi, simone-herbert, ben-houghton, arnoldtodd, grant-cairns, franklampert, graemedberwick, thomas-delaney, craig-kirk, ryanmulder1, ian-pollard, wise-chan, edsaul, nickmeister, melissa-crozier, benmcmullan, kevin-clarke, thomas-dillon, robert-dang, jehan-mata, clint-hindle, ian-hall, tim-ezzy, toby-lee, truc-nguyen, mary-anne, henk-maritz, jithin-chittibomma, nimmi-valia, toni-mcalpine, steve-skinner, phil-carthy, ashley-davie, nick-collins-middys, rohan-salisbury, jeff-dhu, wayne-gates, bill-wallis, warwick-lorenz, richard-tonkin, clinton-smith-pennelcom, greg-haliday, dallas-vince, clare-davies, philip-struckmann, rachel-ruggiero
  [START] alicialillington
  [START] andrew-batchelar
  [START] andrew-broughton
  [START] andrew-buncombe
  [START] andrew-buncombe
  [START] andrew-batchelar
  [START] alicialillington
  [START] andrew-broughton
  [START] andrew-broughton
  [START] alicialillington
  [START] andrew-buncombe
  [START] andrew-broughton
  [START] andrew-broughton
  [START] andrew-broughton
  [START] andrew-broughton
  [START] andrew-broughton
  [START] andrew-broughton
  [START] andrew-broughton
  [START] andrew-broughton
  [START] andrew-broughton
  [START] andrew-broughton
  [START] andrew-broughton
  [START] andrew-broughton
  [START] andrew-broughton
  [DONE ] andrew-broughton
  [START] andrew-donaldson
  [START] andrew-donaldson
  [START] andrew-buncombe
  [START] andrew-buncombe
  [START] andrew-buncombe
  [START] andrew-buncombe
  [START] andrew-buncombe
  [START] andrew-buncombe
  [START] andrew-buncombe
  [START] andrew-buncombe
  [START] andrew-buncombe
  [START] andrew-buncombe
  [START] andrew-buncombe
  [START] andrew-buncombe
  [START] andrew-buncombe
  [DONE ] andrew-buncombe
  [START] andrew-harwood
  [START] andrew-harwood
  [START] andrew-batchelar
  [START] andrew-batchelar
  [START] andrew-batchelar
  [START] andrew-batchelar
  [START] andrew-batchelar
  [START] andrew-batchelar
  [START] andrew-batchelar
  [START] andrew-batchelar
  [START] andrew-batchelar
  [START] andrew-batchelar
  [START] andrew-batchelar
  [START] andrew-batchelar
  [START] andrew-batchelar
  [START] andrew-batchelar
  [DONE ] andrew-batchelar
  [START] andrewpbrooke
  [START] andrewpbrooke
  [START] andrew-donaldson
  [START] andrew-donaldson
  [START] andrew-donaldson
  [START] andrew-donaldson
  [START] andrew-donaldson
  [START] andrew-donaldson
  [START] andrew-donaldson
  [START] andrew-donaldson
  [START] andrew-donaldson
  [START] andrew-donaldson
  [START] andrew-donaldson
  [START] andrew-donaldson
  [START] andrew-donaldson
  [START] andrew-donaldson
  [DONE ] andrew-donaldson
  [START] angela-andrews
  [START] angela-andrews
  [START] alicialillington
  [START] alicialillington
  [START] alicialillington
  [START] alicialillington
  [START] alicialillington
  [START] alicialillington
  [START] alicialillington
  [START] alicialillington
  [START] alicialillington
  [START] alicialillington
  [START] alicialillington
  [START] alicialillington
  [START] alicialillington
  [DONE ] alicialillington
  [START] arnoldtodd
  [START] arnoldtodd
  [START] andrew-harwood
  [START] andrewpbrooke
  [START] andrewpbrooke
  [START] andrewpbrooke
  [START] andrewpbrooke
  [START] andrewpbrooke
  [START] andrewpbrooke
  [START] andrewpbrooke
  [START] andrewpbrooke
  [START] andrewpbrooke
  [START] andrewpbrooke
  [START] andrewpbrooke
  [START] andrewpbrooke
  [START] andrewpbrooke
  [DONE ] andrewpbrooke
  [START] ashley-davie
  [START] ashley-davie
  [START] andrew-harwood
  [START] andrew-harwood
  [START] andrew-harwood
  [START] andrew-harwood
  [START] andrew-harwood
  [START] andrew-harwood
  [START] andrew-harwood
  [START] andrew-harwood
  [START] andrew-harwood
  [START] andrew-harwood
  [START] andrew-harwood
  [START] andrew-harwood
  [START] andrew-harwood
  [DONE ] andrew-harwood
  [START] audrey-scheurich
  [START] audrey-scheurich
  [START] angela-andrews
  [START] arnoldtodd
  [START] angela-andrews
  [START] angela-andrews
  [START] angela-andrews
  [START] angela-andrews
  [START] angela-andrews
  [START] angela-andrews
  [START] angela-andrews
  [START] angela-andrews
  [START] angela-andrews
  [START] angela-andrews
  [START] angela-andrews
  [START] angela-andrews
  [START] angela-andrews
  [DONE ] angela-andrews
  [START] ben-houghton
  [START] ben-houghton
  [START] arnoldtodd
  [START] arnoldtodd
  [START] arnoldtodd
  [START] arnoldtodd
  [START] arnoldtodd
  [START] arnoldtodd
  [START] arnoldtodd
  [START] arnoldtodd
  [START] arnoldtodd
  [START] arnoldtodd
  [START] arnoldtodd
  [START] arnoldtodd
  [START] arnoldtodd
  [DONE ] arnoldtodd
  [START] benmcmullan
  [START] benmcmullan
  [START] audrey-scheurich
  [START] audrey-scheurich
  [START] audrey-scheurich
  [START] audrey-scheurich
  [START] audrey-scheurich
  [START] audrey-scheurich
  [START] audrey-scheurich
  [START] audrey-scheurich
  [START] audrey-scheurich
  [START] audrey-scheurich
  [START] audrey-scheurich
  [START] audrey-scheurich
  [START] audrey-scheurich
  [START] audrey-scheurich
  [DONE ] audrey-scheurich
  [START] bill-callan
  [START] bill-callan
  [START] ben-houghton
  [START] ben-houghton
  [START] ben-houghton
  [START] ben-houghton
  [START] ben-houghton
  [START] ben-houghton
  [START] ben-houghton
  [START] ben-houghton
  [START] ben-houghton
  [START] ben-houghton
  [START] ben-houghton
  [START] ben-houghton
  [START] ben-houghton
  [START] ben-houghton
  [DONE ] ben-houghton
  [START] bill-wallis
  [START] bill-wallis
  [START] benmcmullan
  [START] bill-callan
  [START] benmcmullan
  [START] benmcmullan
  [START] benmcmullan
  [START] benmcmullan
  [START] benmcmullan
  [START] benmcmullan
  [START] benmcmullan
  [START] benmcmullan
  [START] benmcmullan
  [START] benmcmullan
  [START] benmcmullan
  [START] benmcmullan
  [START] benmcmullan
  [DONE ] benmcmullan
  [START] brett-gregory
  [START] brett-gregory
  [START] bill-callan
  [START] bill-callan
  [START] bill-callan
  [START] bill-callan
  [START] bill-callan
  [START] bill-callan
  [START] bill-callan
  [START] bill-callan
  [START] bill-callan
  [START] bill-callan
  [START] bill-callan
  [START] bill-callan
  [START] bill-callan
  [DONE ] bill-callan
  [START] campbell-mitchell
  [START] campbell-mitchell
  [START] ashley-davie
  [DONE ] ashley-davie
  [START] chris-ristevski
  [START] chris-ristevski
  [START] campbell-mitchell
  [START] chris-ristevski
  [START] chris-ristevski
  [START] chris-ristevski
  [START] chris-ristevski
  [START] chris-ristevski
  [START] chris-ristevski
  [START] chris-ristevski
  [START] chris-ristevski
  [START] chris-ristevski
  [START] chris-ristevski
  [START] chris-ristevski
  [START] chris-ristevski
  [START] chris-ristevski
  [DONE ] chris-ristevski
  [START] chrissereika
  [START] chrissereika
  [START] bill-wallis
  [DONE ] bill-wallis
  [START] christine-wright
  [START] christine-wright
  [START] campbell-mitchell
  [START] campbell-mitchell
  [START] campbell-mitchell
  [START] campbell-mitchell
  [START] campbell-mitchell
  [START] campbell-mitchell
  [START] campbell-mitchell
  [START] campbell-mitchell
  [START] campbell-mitchell
  [START] campbell-mitchell
  [START] campbell-mitchell
  [START] campbell-mitchell
  [START] campbell-mitchell
  [DONE ] campbell-mitchell
  [START] clare-davies
  [START] clare-davies
  [START] brett-gregory
  [DONE ] brett-gregory
  [START] clint-hindle
  [START] clint-hindle
  [START] christine-wright
  [START] christine-wright
  [START] christine-wright
  [START] christine-wright
  [START] christine-wright
  [START] christine-wright
  [START] christine-wright
  [START] christine-wright
  [START] christine-wright
  [START] christine-wright
  [START] christine-wright
  [START] christine-wright
  [START] christine-wright
  [START] christine-wright
  [DONE ] christine-wright
  [START] clinton-smith-pennelcom
  [START] clinton-smith-pennelcom
  [START] clint-hindle
  [START] clint-hindle
  [START] clint-hindle
  [START] clint-hindle
  [START] clint-hindle
  [START] clint-hindle
  [START] clint-hindle
  [START] clint-hindle
  [START] clint-hindle
  [START] clint-hindle
  [START] clint-hindle
  [START] clint-hindle
  [START] clint-hindle
  [DONE ] clint-hindle
  [START] craig-kirk
  [START] craig-kirk
  [START] craig-kirk
  [START] craig-kirk
  [START] craig-kirk
  [START] craig-kirk
  [START] craig-kirk
  [START] craig-kirk
  [START] craig-kirk
  [START] craig-kirk
  [START] craig-kirk
  [START] craig-kirk
  [START] craig-kirk
  [START] craig-kirk
  [START] craig-kirk
  [START] craig-kirk
  [DONE ] craig-kirk
  [START] craigwest
  [START] craigwest
  [START] clare-davies
  [DONE ] clare-davies
  [START] dallas-vince
  [START] dallas-vince
  [START] clinton-smith-pennelcom
  [DONE ] clinton-smith-pennelcom
  [START] damian-mathews
  [START] damian-mathews
  [START] craigwest
  [START] damian-mathews
  [START] craigwest
  [START] craigwest
  [START] craigwest
  [START] craigwest
  [START] craigwest
  [START] craigwest
  [START] craigwest
  [START] craigwest
  [START] craigwest
  [START] craigwest
  [START] craigwest
  [START] craigwest
  [START] craigwest
  [START] craigwest
  [DONE ] craigwest
  [START] daniekeyser
  [START] daniekeyser
  [START] damian-mathews
  [START] damian-mathews
  [START] damian-mathews
  [START] damian-mathews
  [START] damian-mathews
  [START] damian-mathews
  [START] damian-mathews
  [START] damian-mathews
  [START] damian-mathews
  [START] damian-mathews
  [START] damian-mathews
  [START] damian-mathews
  [START] damian-mathews
  [DONE ] damian-mathews
  [START] david-arnold
  [START] david-arnold
  [START] dallas-vince
  [DONE ] dallas-vince
  [START] david-cuda
  [START] david-cuda
  [START] daniekeyser
  [START] chrissereika
  [START] daniekeyser
  [START] daniekeyser
  [START] daniekeyser
  [START] daniekeyser
  [START] daniekeyser
  [START] daniekeyser
  [START] daniekeyser
  [START] daniekeyser
  [START] daniekeyser
  [START] daniekeyser
  [START] daniekeyser
  [START] daniekeyser
  [START] daniekeyser
  [DONE ] daniekeyser
  [START] david-sharman
  [START] david-sharman
  [START] chrissereika
  [START] chrissereika
  [START] chrissereika
  [START] chrissereika
  [START] chrissereika
  [START] chrissereika
  [START] chrissereika
  [START] chrissereika
  [START] chrissereika
  [START] chrissereika
  [START] chrissereika
  [START] chrissereika
  [START] chrissereika
  [DONE ] chrissereika
  [START] dennis-sanders
  [START] dennis-sanders
  [START] david-cuda
  [START] david-cuda
  [START] david-cuda
  [START] david-cuda
  [START] david-cuda
  [START] david-cuda
  [START] david-cuda
  [START] david-cuda
  [START] david-cuda
  [START] david-cuda
  [START] david-cuda
  [START] david-cuda
  [START] david-cuda
  [DONE ] david-cuda
  [START] derek-jorgensen
  [START] derek-jorgensen
  [START] david-sharman
  [START] dennis-sanders
  [START] dennis-sanders
  [START] dennis-sanders
  [START] dennis-sanders
  [START] dennis-sanders
  [START] dennis-sanders
  [START] dennis-sanders
  [START] dennis-sanders
  [START] dennis-sanders
  [START] dennis-sanders
  [START] dennis-sanders
  [START] dennis-sanders
  [START] dennis-sanders
  [START] dennis-sanders
  [DONE ] dennis-sanders
  [START] dr-rexine
  [START] dr-rexine
  [START] david-sharman
  [START] david-sharman
  [START] david-sharman
  [START] david-sharman
  [START] david-sharman
  [START] david-sharman
  [START] david-sharman
  [START] david-sharman
  [START] david-sharman
  [START] david-sharman
  [START] david-sharman
  [START] david-sharman
  [START] david-sharman
  [DONE ] david-sharman
  [START] dustinepang
  [START] dustinepang
  [START] david-arnold
  [START] derek-jorgensen
  [START] dr-rexine
  [START] david-arnold
  [START] david-arnold
  [START] david-arnold
  [START] david-arnold
  [START] david-arnold
  [START] david-arnold
  [START] david-arnold
  [START] david-arnold
  [START] david-arnold
  [START] david-arnold
  [START] david-arnold
  [START] david-arnold
  [START] david-arnold
  [DONE ] david-arnold
  [START] ed-madon
  [START] ed-madon
  [START] derek-jorgensen
  [START] derek-jorgensen
  [START] derek-jorgensen
  [START] derek-jorgensen
  [START] derek-jorgensen
  [START] derek-jorgensen
  [START] derek-jorgensen
  [START] derek-jorgensen
  [START] derek-jorgensen
  [START] derek-jorgensen
  [START] derek-jorgensen
  [START] derek-jorgensen
  [START] derek-jorgensen
  [DONE ] derek-jorgensen
  [START] edsaul
  [START] edsaul
  [START] dr-rexine
  [START] dr-rexine
  [DONE ] dr-rexine
  [START] faez-norouzian
  [START] faez-norouzian
  [START] dustinepang
  [START] dustinepang
  [START] dustinepang
  [START] dustinepang
  [START] dustinepang
  [START] dustinepang
  [START] dustinepang
  [START] dustinepang
  [START] dustinepang
  [START] dustinepang
  [START] dustinepang
  [START] dustinepang
  [START] dustinepang
  [START] dustinepang
  [DONE ] dustinepang
  [START] fiona-comben
  [START] fiona-comben
  [START] edsaul
  [START] edsaul
  [START] edsaul
  [START] edsaul
  [START] edsaul
  [START] edsaul
  [START] edsaul
  [START] edsaul
  [START] edsaul
  [START] edsaul
  [START] edsaul
  [START] edsaul
  [START] edsaul
  [START] edsaul
  [DONE ] edsaul
  [START] francine-hackett
  [START] francine-hackett
  [START] fiona-comben
  [START] francine-hackett
  [START] fiona-comben
  [START] fiona-comben
  [START] fiona-comben
  [START] fiona-comben
  [START] fiona-comben
  [START] fiona-comben
  [START] fiona-comben
  [START] fiona-comben
  [START] fiona-comben
  [START] fiona-comben
  [START] fiona-comben
  [START] fiona-comben
  [START] fiona-comben
  [DONE ] fiona-comben
  [START] franklampert
  [START] franklampert
  [START] francine-hackett
  [START] francine-hackett
  [START] francine-hackett
  [START] francine-hackett
  [START] francine-hackett
  [START] francine-hackett
  [START] francine-hackett
  [START] francine-hackett
  [START] francine-hackett
  [START] francine-hackett
  [START] francine-hackett
  [START] francine-hackett
  [START] francine-hackett
  [DONE ] francine-hackett
  [START] geoff-henderson
  [START] geoff-henderson
  [START] franklampert
  [START] faez-norouzian
  [DONE ] faez-norouzian
  [START] george-anagnostellis
  [START] george-anagnostellis
  [START] franklampert
  [START] franklampert
  [START] franklampert
  [START] franklampert
  [START] franklampert
  [START] franklampert
  [START] franklampert
  [START] franklampert
  [START] franklampert
  [START] franklampert
  [START] franklampert
  [START] franklampert
  [START] franklampert
  [DONE ] franklampert
  [START] george-kingsley
  [START] george-kingsley
  [START] geoff-henderson
  [START] geoff-henderson
  [START] geoff-henderson
  [START] geoff-henderson
  [START] geoff-henderson
  [START] geoff-henderson
  [START] geoff-henderson
  [START] geoff-henderson
  [START] geoff-henderson
  [START] geoff-henderson
  [START] geoff-henderson
  [START] geoff-henderson
  [START] geoff-henderson
  [START] geoff-henderson
  [DONE ] geoff-henderson
  [START] gerard-sitaramayya
  [START] gerard-sitaramayya
  [START] george-kingsley
  [START] george-anagnostellis
  [START] george-kingsley
  [START] george-kingsley
  [START] george-kingsley
  [START] george-kingsley
  [START] george-kingsley
  [START] george-kingsley
  [START] george-kingsley
  [START] george-kingsley
  [START] george-kingsley
  [START] george-kingsley
  [START] george-kingsley
  [START] george-kingsley
  [START] george-kingsley
  [DONE ] george-kingsley
  [START] graemedberwick
  [START] graemedberwick
  [START] george-anagnostellis
  [START] george-anagnostellis
  [START] george-anagnostellis
  [START] george-anagnostellis
  [START] george-anagnostellis
  [START] george-anagnostellis
  [START] george-anagnostellis
  [START] george-anagnostellis
  [START] george-anagnostellis
  [START] george-anagnostellis
  [START] george-anagnostellis
  [START] george-anagnostellis
  [START] george-anagnostellis
  [DONE ] george-anagnostellis
  [START] grant-cairns
  [START] grant-cairns
  [START] gerard-sitaramayya
  [START] gerard-sitaramayya
  [START] gerard-sitaramayya
  [START] gerard-sitaramayya
  [START] gerard-sitaramayya
  [START] gerard-sitaramayya
  [START] gerard-sitaramayya
  [START] gerard-sitaramayya
  [START] gerard-sitaramayya
  [START] gerard-sitaramayya
  [START] gerard-sitaramayya
  [START] gerard-sitaramayya
  [START] gerard-sitaramayya
  [START] gerard-sitaramayya
  [DONE ] gerard-sitaramayya
  [START] grantstevenculshaw
  [START] grantstevenculshaw
  [START] grant-cairns
  [START] ed-madon
  [START] grant-cairns
  [START] grant-cairns
  [START] grant-cairns
  [START] grant-cairns
  [START] grant-cairns
  [START] grant-cairns
  [START] grant-cairns
  [START] grant-cairns
  [START] grant-cairns
  [START] grant-cairns
  [START] grant-cairns
  [START] grant-cairns
  [START] grant-cairns
  [DONE ] grant-cairns
  [START] greg-bird
  [START] greg-bird
  [START] grantstevenculshaw
  [START] ed-madon
  [START] ed-madon
  [START] ed-madon
  [START] ed-madon
  [START] ed-madon
  [START] ed-madon
  [START] ed-madon
  [START] ed-madon
  [START] ed-madon
  [START] ed-madon
  [START] ed-madon
  [START] ed-madon
  [START] ed-madon
  [DONE ] ed-madon
  [START] greg-haliday
  [START] greg-haliday
  [START] graemedberwick
  [START] graemedberwick
  [START] graemedberwick
  [START] graemedberwick
  [START] graemedberwick
  [START] graemedberwick
  [START] graemedberwick
  [START] graemedberwick
  [START] graemedberwick
  [START] graemedberwick
  [START] graemedberwick
  [START] graemedberwick
  [START] graemedberwick
  [START] graemedberwick
  [START] graemedberwick
  [START] graemedberwick
  [DONE ] graemedberwick
  [START] hamish-davidson
  [START] hamish-davidson
  [START] grantstevenculshaw
  [START] grantstevenculshaw
  [START] grantstevenculshaw
  [START] grantstevenculshaw
  [START] grantstevenculshaw
  [START] grantstevenculshaw
  [START] grantstevenculshaw
  [START] grantstevenculshaw
  [START] grantstevenculshaw
  [START] grantstevenculshaw
  [START] grantstevenculshaw
  [START] grantstevenculshaw
  [START] grantstevenculshaw
  [DONE ] grantstevenculshaw
  [START] hamish-mcdonald
  [START] hamish-mcdonald
  [START] greg-bird
  [START] greg-bird
  [START] greg-bird
  [START] greg-bird
  [START] greg-bird
  [START] greg-bird
  [START] greg-bird
  [START] greg-bird
  [START] greg-bird
  [START] greg-bird
  [START] greg-bird
  [START] greg-bird
  [START] greg-bird
  [START] greg-bird
  [DONE ] greg-bird
  [START] henk-maritz
  [START] henk-maritz
  [START] hamish-mcdonald
  [START] hamish-mcdonald
  [START] hamish-mcdonald
  [START] hamish-mcdonald
  [START] hamish-mcdonald
  [START] hamish-mcdonald
  [START] hamish-mcdonald
  [START] hamish-mcdonald
  [START] hamish-mcdonald
  [START] hamish-mcdonald
  [START] hamish-mcdonald
  [START] hamish-mcdonald
  [START] hamish-mcdonald
  [START] hamish-mcdonald
  [DONE ] hamish-mcdonald
  [START] henry-wallace
  [START] henry-wallace
  [START] greg-haliday
  [DONE ] greg-haliday
  [START] ian-hall
  [START] ian-hall
  [START] henry-wallace
  [START] ian-hall
  [START] hamish-davidson
  [START] henk-maritz
  [START] henk-maritz
  [START] henry-wallace
  [START] henk-maritz
  [START] henk-maritz
  [START] henk-maritz
  [START] henk-maritz
  [START] henk-maritz
  [START] henk-maritz
  [START] henk-maritz
  [START] henk-maritz
  [START] henk-maritz
  [START] henk-maritz
  [START] henk-maritz
  [START] henk-maritz
  [START] henk-maritz
  [DONE ] henk-maritz
  [START] ian-mirels
  [START] ian-mirels
  [START] henry-wallace
  [START] henry-wallace
  [START] henry-wallace
  [START] henry-wallace
  [START] henry-wallace
  [START] henry-wallace
  [START] henry-wallace
  [START] henry-wallace
  [START] henry-wallace
  [START] henry-wallace
  [START] henry-wallace
  [START] henry-wallace
  [START] henry-wallace
  [DONE ] henry-wallace
  [START] ian-pollard
  [START] ian-pollard
  [START] ian-mirels
  [START] ian-mirels
  [START] ian-mirels
  [START] ian-mirels
  [START] ian-mirels
  [START] ian-mirels
  [START] ian-mirels
  [START] ian-mirels
  [START] ian-mirels
  [START] ian-mirels
  [START] ian-mirels
  [START] ian-mirels
  [START] ian-mirels
  [START] ian-mirels
  [DONE ] ian-mirels
  [START] james-georgeson
  [START] james-georgeson
  [START] ian-hall
  [DONE ] ian-hall
  [START] jashan-randhawa
  [START] jashan-randhawa
  [START] hamish-davidson
  [DONE ] hamish-davidson
  [START] jasmine-sim
  [START] jasmine-sim
  [START] jasmine-sim
  [START] jashan-randhawa
  [START] jasmine-sim
  [START] jasmine-sim
  [START] jasmine-sim
  [START] jasmine-sim
  [START] jasmine-sim
  [START] jasmine-sim
  [START] jasmine-sim
  [START] jasmine-sim
  [START] jasmine-sim
  [START] jasmine-sim
  [START] jasmine-sim
  [START] jasmine-sim
  [START] jasmine-sim
  [DONE ] jasmine-sim
  [START] jatin-rangras
  [START] jatin-rangras
  [START] ian-pollard
  [START] jashan-randhawa
  [START] jashan-randhawa
  [START] jashan-randhawa
  [START] jashan-randhawa
  [START] jashan-randhawa
  [START] jashan-randhawa
  [START] jashan-randhawa
  [START] jashan-randhawa
  [START] jashan-randhawa
  [START] jashan-randhawa
  [START] jashan-randhawa
  [START] jashan-randhawa
  [START] jashan-randhawa
  [DONE ] jashan-randhawa
  [START] jeff-dhu
  [START] jeff-dhu
  [START] james-georgeson
  [START] james-georgeson
  [START] james-georgeson
  [START] james-georgeson
  [START] james-georgeson
  [START] james-georgeson
  [START] james-georgeson
  [START] james-georgeson
  [START] james-georgeson
  [START] james-georgeson
  [START] james-georgeson
  [START] james-georgeson
  [START] james-georgeson
  [DONE ] james-georgeson
  [START] jehan-mata
  [START] jehan-mata
  [START] ian-pollard
  [START] ian-pollard
  [START] ian-pollard
  [START] ian-pollard
  [START] ian-pollard
  [START] ian-pollard
  [START] ian-pollard
  [START] ian-pollard
  [START] ian-pollard
  [START] ian-pollard
  [START] ian-pollard
  [START] ian-pollard
  [START] ian-pollard
  [DONE ] ian-pollard
  [START] jithin-chittibomma
  [START] jithin-chittibomma
  [START] jehan-mata
  [START] jehan-mata
  [START] jehan-mata
  [START] jehan-mata
  [START] jehan-mata
  [START] jehan-mata
  [START] jehan-mata
  [START] jehan-mata
  [START] jehan-mata
  [START] jehan-mata
  [START] jehan-mata
  [START] jehan-mata
  [START] jehan-mata
  [START] jehan-mata
  [DONE ] jehan-mata
  [START] joe-mccabe
  [START] joe-mccabe
  [START] jithin-chittibomma
  [START] jeff-dhu
  [DONE ] jeff-dhu
  [START] joel-wyld
  [START] joel-wyld
  [START] jithin-chittibomma
  [START] jithin-chittibomma
  [START] jithin-chittibomma
  [START] jithin-chittibomma
  [START] jithin-chittibomma
  [START] jithin-chittibomma
  [START] jithin-chittibomma
  [START] jithin-chittibomma
  [START] jithin-chittibomma
  [START] jithin-chittibomma
  [START] jithin-chittibomma
  [START] jithin-chittibomma
  [START] jithin-chittibomma
  [DONE ] jithin-chittibomma
  [START] john-rae
  [START] john-rae
  [START] jatin-rangras
  [START] jatin-rangras
  [START] jatin-rangras
  [DONE ] jatin-rangras
  [START] kathleen-warden
  [START] kathleen-warden
  [START] joe-mccabe
  [START] joel-wyld
  [START] joe-mccabe
  [START] joe-mccabe
  [START] joe-mccabe
  [START] joe-mccabe
  [START] joe-mccabe
  [START] joe-mccabe
  [START] joe-mccabe
  [START] joe-mccabe
  [START] joe-mccabe
  [START] joe-mccabe
  [START] joe-mccabe
  [START] joe-mccabe
  [START] joe-mccabe
  [DONE ] joe-mccabe
  [START] kenphillips1
  [START] kenphillips1
  [START] joel-wyld
  [START] joel-wyld
  [START] joel-wyld
  [START] joel-wyld
  [START] joel-wyld
  [START] joel-wyld
  [START] joel-wyld
  [START] joel-wyld
  [START] joel-wyld
  [START] joel-wyld
  [START] joel-wyld
  [START] joel-wyld
  [START] joel-wyld
  [DONE ] joel-wyld
  [START] kevin-clarke
  [START] kevin-clarke
  [START] kathleen-warden
  [START] kathleen-warden
  [START] kathleen-warden
  [START] kathleen-warden
  [START] kathleen-warden
  [START] kathleen-warden
  [START] kathleen-warden
  [START] kathleen-warden
  [START] kathleen-warden
  [START] kathleen-warden
  [START] kathleen-warden
  [START] kathleen-warden
  [START] kathleen-warden
  [START] kathleen-warden
  [START] kathleen-warden
  [DONE ] kathleen-warden
  [START] lachlan-jacobson
  [START] lachlan-jacobson
  [START] kenphillips1
  [START] kenphillips1
  [START] kenphillips1
  [START] kenphillips1
  [START] kenphillips1
  [START] kenphillips1
  [START] kenphillips1
  [START] kenphillips1
  [START] kenphillips1
  [START] kenphillips1
  [START] kenphillips1
  [START] kenphillips1
  [START] kenphillips1
  [START] kenphillips1
  [DONE ] kenphillips1
  [START] larissa-bridge
  [START] larissa-bridge
  [START] larissa-bridge
  [START] larissa-bridge
  [START] larissa-bridge
  [START] larissa-bridge
  [START] larissa-bridge
  [START] larissa-bridge
  [START] larissa-bridge
  [START] larissa-bridge
  [START] larissa-bridge
  [START] larissa-bridge
  [START] larissa-bridge
  [START] larissa-bridge
  [START] larissa-bridge
  [START] larissa-bridge
  [DONE ] larissa-bridge
  [START] laurastonehouse
  [START] laurastonehouse
  [START] kevin-clarke
  [START] kevin-clarke
  [START] kevin-clarke
  [START] kevin-clarke
  [START] kevin-clarke
  [START] kevin-clarke
  [START] kevin-clarke
  [START] kevin-clarke
  [START] kevin-clarke
  [START] kevin-clarke
  [START] kevin-clarke
  [START] kevin-clarke
  [START] kevin-clarke
  [START] kevin-clarke
  [DONE ] kevin-clarke
  [START] louie-psaroulis
  [START] louie-psaroulis
  [START] lachlan-jacobson
  [DONE ] lachlan-jacobson
  [START] marc-chiarella
  [START] marc-chiarella
  [START] marc-chiarella
  [START] louie-psaroulis
  [START] marc-chiarella
  [START] marc-chiarella
  [START] marc-chiarella
  [START] marc-chiarella
  [START] marc-chiarella
  [START] marc-chiarella
  [START] marc-chiarella
  [START] marc-chiarella
  [START] marc-chiarella
  [START] marc-chiarella
  [START] marc-chiarella
  [START] marc-chiarella
  [START] marc-chiarella
  [DONE ] marc-chiarella
  [START] marco-fredriks
  [START] marco-fredriks
  [START] laurastonehouse
  [DONE ] laurastonehouse
  [START] mark-conelly
  [START] mark-conelly
  [START] louie-psaroulis
  [START] louie-psaroulis
  [START] louie-psaroulis
  [START] louie-psaroulis
  [START] louie-psaroulis
  [START] louie-psaroulis
  [START] louie-psaroulis
  [START] louie-psaroulis
  [START] louie-psaroulis
  [START] louie-psaroulis
  [START] louie-psaroulis
  [START] louie-psaroulis
  [START] louie-psaroulis
  [DONE ] louie-psaroulis
  [START] mark-malley
  [START] mark-malley
  [START] mark-malley
  [START] john-rae
  [START] mark-malley
  [START] mark-malley
  [START] mark-malley
  [START] mark-malley
  [START] mark-malley
  [START] mark-malley
  [START] mark-malley
  [START] mark-malley
  [START] mark-malley
  [START] mark-malley
  [START] mark-malley
  [START] mark-malley
  [START] mark-malley
  [DONE ] mark-malley
  [START] mark-sherwin
  [START] mark-sherwin
  [START] john-rae
  [START] john-rae
  [START] john-rae
  [START] john-rae
  [START] john-rae
  [START] john-rae
  [START] john-rae
  [START] john-rae
  [START] john-rae
  [START] john-rae
  [START] john-rae
  [START] john-rae
  [START] john-rae
  [DONE ] john-rae
  [START] markshellerinsurancelawexpert
  [START] markshellerinsurancelawexpert
  [START] markshellerinsurancelawexpert
  [START] markshellerinsurancelawexpert
  [START] markshellerinsurancelawexpert
  [START] markshellerinsurancelawexpert
  [START] markshellerinsurancelawexpert
  [START] markshellerinsurancelawexpert
  [START] markshellerinsurancelawexpert
  [START] markshellerinsurancelawexpert
  [START] markshellerinsurancelawexpert
  [START] markshellerinsurancelawexpert
  [START] markshellerinsurancelawexpert
  [START] markshellerinsurancelawexpert
  [START] markshellerinsurancelawexpert
  [START] markshellerinsurancelawexpert
  [DONE ] markshellerinsurancelawexpert
  [START] martinsgchristmas
  [START] martinsgchristmas
  [START] mark-conelly
  [DONE ] mark-conelly
  [START] mary-anne
  [START] mary-anne
  [START] mark-sherwin
  [DONE ] mark-sherwin
  [START] mat-holland
  [START] mat-holland
  [START] martinsgchristmas
  [START] mary-anne
  [START] martinsgchristmas
  [START] martinsgchristmas
  [START] martinsgchristmas
  [START] martinsgchristmas
  [START] martinsgchristmas
  [START] martinsgchristmas
  [START] martinsgchristmas
  [START] martinsgchristmas
  [START] martinsgchristmas
  [START] martinsgchristmas
  [START] martinsgchristmas
  [START] martinsgchristmas
  [START] martinsgchristmas
  [DONE ] martinsgchristmas
  [START] matthew-bone
  [START] matthew-bone
  [START] mary-anne
  [START] mary-anne
  [START] mary-anne
  [START] mary-anne
  [START] mary-anne
  [START] mary-anne
  [START] mary-anne
  [START] mary-anne
  [START] mary-anne
  [START] mary-anne
  [START] mary-anne
  [START] mary-anne
  [START] mary-anne
  [DONE ] mary-anne
  [START] matthew-griffin
  [START] matthew-griffin
  [START] marco-fredriks
  [DONE ] marco-fredriks
  [START] meenawahi
  [START] meenawahi
  [START] mat-holland
  [START] mat-holland
  [START] mat-holland
  [START] mat-holland
  [START] mat-holland
  [START] mat-holland
  [START] mat-holland
  [START] mat-holland
  [START] mat-holland
  [START] mat-holland
  [START] mat-holland
  [START] mat-holland
  [START] mat-holland
  [START] mat-holland
  [DONE ] mat-holland
  [START] melinda-watson
  [START] melinda-watson
  [START] matthew-bone
  [START] meenawahi
  [START] matthew-bone
  [START] matthew-bone
  [START] matthew-bone
  [START] matthew-bone
  [START] matthew-bone
  [START] matthew-bone
  [START] matthew-bone
  [START] matthew-bone
  [START] matthew-bone
  [START] matthew-bone
  [START] matthew-bone
  [START] matthew-bone
  [START] matthew-bone
  [DONE ] matthew-bone
  [START] melissa-crozier
  [START] melissa-crozier
  [START] meenawahi
  [START] meenawahi
  [START] meenawahi
  [START] meenawahi
  [START] meenawahi
  [START] meenawahi
  [START] meenawahi
  [START] meenawahi
  [START] meenawahi
  [START] meenawahi
  [START] meenawahi
  [START] meenawahi
  [START] meenawahi
  [DONE ] meenawahi
  [START] michael-dalton
  [START] michael-dalton
  [START] melissa-crozier
  [START] michael-dalton
  [START] melissa-crozier
  [START] melissa-crozier
  [START] melissa-crozier
  [START] melissa-crozier
  [START] melissa-crozier
  [START] melissa-crozier
  [START] melissa-crozier
  [START] melissa-crozier
  [START] melissa-crozier
  [START] melissa-crozier
  [START] melissa-crozier
  [START] melissa-crozier
  [START] melissa-crozier
  [DONE ] melissa-crozier
  [START] michael-parrott
  [START] michael-parrott
  [START] michael-dalton
  [START] michael-dalton
  [START] michael-dalton
  [START] michael-dalton
  [START] michael-dalton
  [START] michael-dalton
  [START] michael-dalton
  [START] michael-dalton
  [START] michael-dalton
  [START] michael-dalton
  [START] michael-dalton
  [START] michael-dalton
  [START] michael-dalton
  [DONE ] michael-dalton
  [START] michael-resnikoff
  [START] michael-resnikoff
  [START] matthew-griffin
  [START] melinda-watson
  [START] melinda-watson
  [START] melinda-watson
  [START] melinda-watson
  [START] melinda-watson
  [START] melinda-watson
  [START] melinda-watson
  [START] melinda-watson
  [START] melinda-watson
  [START] melinda-watson
  [START] melinda-watson
  [START] melinda-watson
  [START] melinda-watson
  [START] melinda-watson
  [DONE ] melinda-watson
  [START] michael-sacke
  [START] michael-sacke
  [START] matthew-griffin
  [START] matthew-griffin
  [START] matthew-griffin
  [START] matthew-griffin
  [START] matthew-griffin
  [START] matthew-griffin
  [START] matthew-griffin
  [START] matthew-griffin
  [START] matthew-griffin
  [START] matthew-griffin
  [START] matthew-griffin
  [START] matthew-griffin
  [START] matthew-griffin
  [DONE ] matthew-griffin
  [START] murray-chamberlain
  [START] murray-chamberlain
  [START] michael-parrott
  [START] michael-parrott
  [START] michael-parrott
  [START] michael-parrott
  [START] michael-parrott
  [START] michael-parrott
  [START] michael-parrott
  [START] michael-parrott
  [START] michael-parrott
  [START] michael-parrott
  [START] michael-parrott
  [START] michael-parrott
  [START] michael-parrott
  [START] michael-parrott
  [DONE ] michael-parrott
  [START] nadajamal4
  [START] nadajamal4
  [START] michael-resnikoff
  [START] michael-resnikoff
  [START] michael-resnikoff
  [START] michael-resnikoff
  [START] michael-resnikoff
  [START] michael-resnikoff
  [START] michael-resnikoff
  [START] michael-resnikoff
  [START] michael-resnikoff
  [START] michael-resnikoff
  [START] michael-resnikoff
  [START] michael-resnikoff
  [START] michael-resnikoff
  [START] michael-resnikoff
  [DONE ] michael-resnikoff
  [START] nick-collins-middys
  [START] nick-collins-middys
  [START] michael-sacke
  [START] michael-sacke
  [START] michael-sacke
  [START] michael-sacke
  [START] michael-sacke
  [START] michael-sacke
  [START] michael-sacke
  [START] michael-sacke
  [START] michael-sacke
  [START] michael-sacke
  [START] michael-sacke
  [START] michael-sacke
  [START] michael-sacke
  [DONE ] michael-sacke
  [START] nickhakes
  [START] nickhakes
  [START] murray-chamberlain
  [START] murray-chamberlain
  [START] murray-chamberlain
  [START] murray-chamberlain
  [START] murray-chamberlain
  [START] murray-chamberlain
  [START] murray-chamberlain
  [START] murray-chamberlain
  [START] murray-chamberlain
  [START] murray-chamberlain
  [START] murray-chamberlain
  [START] murray-chamberlain
  [START] murray-chamberlain
  [DONE ] murray-chamberlain
  [START] nickmeister
  [START] nickmeister
  [START] nickhakes
  [START] nadajamal4
  [START] nickhakes
  [START] nickhakes
  [START] nickhakes
  [START] nickhakes
  [START] nickhakes
  [START] nickhakes
  [START] nickhakes
  [START] nickhakes
  [START] nickhakes
  [START] nickhakes
  [START] nickhakes
  [START] nickhakes
  [START] nickhakes
  [DONE ] nickhakes
  [START] nimmi-valia
  [START] nimmi-valia
  [START] nick-collins-middys
  [DONE ] nick-collins-middys
  [START] paulawright
  [START] paulawright
  [START] nadajamal4
  [START] nadajamal4
  [START] nadajamal4
  [START] nadajamal4
  [START] nadajamal4
  [START] nadajamal4
  [START] nadajamal4
  [START] nadajamal4
  [START] nadajamal4
  [START] nadajamal4
  [START] nadajamal4
  [START] nadajamal4
  [START] nadajamal4
  [DONE ] nadajamal4
  [START] peter-white
  [START] peter-white
  [START] nickmeister
  [START] nimmi-valia
  [START] nimmi-valia
  [START] nimmi-valia
  [START] nimmi-valia
  [START] nimmi-valia
  [START] nimmi-valia
  [START] nimmi-valia
  [START] nimmi-valia
  [START] nimmi-valia
  [START] nimmi-valia
  [START] nimmi-valia
  [START] nimmi-valia
  [START] nimmi-valia
  [START] nimmi-valia
  [DONE ] nimmi-valia
  [START] phil-carthy
  [START] phil-carthy
  [START] nickmeister
  [START] nickmeister
  [START] nickmeister
  [START] nickmeister
  [START] nickmeister
  [START] nickmeister
  [START] nickmeister
  [START] nickmeister
  [START] nickmeister
  [START] nickmeister
  [START] nickmeister
  [START] nickmeister
  [START] nickmeister
  [DONE ] nickmeister
  [START] philip-struckmann
  [START] philip-struckmann
  [START] peter-white
  [START] paulawright
  [START] paulawright
  [START] paulawright
  [START] paulawright
  [START] paulawright
  [START] paulawright
  [START] paulawright
  [START] paulawright
  [START] paulawright
  [START] paulawright
  [START] paulawright
  [START] paulawright
  [START] paulawright
  [DONE ] paulawright
  [START] phillip-bailey
  [START] phillip-bailey
  [START] phillip-bailey
  [START] peter-white
  [START] peter-white
  [START] peter-white
  [START] peter-white
  [START] peter-white
  [START] peter-white
  [START] peter-white
  [START] peter-white
  [START] peter-white
  [START] peter-white
  [START] peter-white
  [START] peter-white
  [START] peter-white
  [DONE ] peter-white
  [START] rachael-lindsay
  [START] rachael-lindsay
  [START] philip-struckmann
  [START] philip-struckmann
  [START] philip-struckmann
  [START] philip-struckmann
  [START] philip-struckmann
  [START] philip-struckmann
  [START] philip-struckmann
  [START] philip-struckmann
  [START] philip-struckmann
  [START] philip-struckmann
  [START] philip-struckmann
  [START] philip-struckmann
  [START] philip-struckmann
  [DONE ] philip-struckmann
  [START] rachel-ruggiero
  [START] rachel-ruggiero
  [START] phillip-bailey
  [START] phillip-bailey
  [START] phillip-bailey
  [START] phillip-bailey
  [START] phillip-bailey
  [START] phillip-bailey
  [START] phillip-bailey
  [START] phillip-bailey
  [START] phillip-bailey
  [START] phillip-bailey
  [START] phillip-bailey
  [START] phillip-bailey
  [START] phillip-bailey
  [DONE ] phillip-bailey
  [START] richard-moxham
  [START] richard-moxham
  [START] rachael-lindsay
  [START] rachael-lindsay
  [START] rachael-lindsay
  [START] rachael-lindsay
  [START] rachael-lindsay
  [START] rachael-lindsay
  [START] rachael-lindsay
  [START] rachael-lindsay
  [START] rachael-lindsay
  [START] rachael-lindsay
  [START] rachael-lindsay
  [START] rachael-lindsay
  [START] rachael-lindsay
  [START] rachael-lindsay
  [DONE ] rachael-lindsay
  [START] richard-tonkin
  [START] richard-tonkin
  [START] phil-carthy
  [DONE ] phil-carthy
  [START] richharvey
  [START] richharvey
  [START] richard-moxham
  [START] richard-moxham
  [START] richard-moxham
  [DONE ] richard-moxham
  [START] rob-richard
  [START] rob-richard
  [START] richharvey
  [START] rob-richard
  [START] richharvey
  [START] richharvey
  [START] richharvey
  [START] richharvey
  [START] richharvey
  [START] richharvey
  [START] richharvey
  [START] richharvey
  [START] richharvey
  [START] richharvey
  [START] richharvey
  [START] richharvey
  [START] richharvey
  [DONE ] richharvey
  [START] robert-dang
  [START] robert-dang
  [START] rob-richard
  [START] rob-richard
  [START] rob-richard
  [START] rob-richard
  [START] rob-richard
  [START] rob-richard
  [START] rob-richard
  [START] rob-richard
  [START] rob-richard
  [START] rob-richard
  [START] rob-richard
  [START] rob-richard
  [START] rob-richard
  [DONE ] rob-richard
  [START] rohan-salisbury
  [START] rohan-salisbury
  [START] robert-dang
  [START] robert-dang
  [START] robert-dang
  [START] robert-dang
  [START] robert-dang
  [START] robert-dang
  [START] robert-dang
  [START] robert-dang
  [START] robert-dang
  [START] robert-dang
  [START] robert-dang
  [START] robert-dang
  [START] robert-dang
  [START] robert-dang
  [DONE ] robert-dang
  [START] rosalielau
  [START] rosalielau
  [START] rachel-ruggiero
  [START] rachel-ruggiero
  [START] rachel-ruggiero
  [START] rachel-ruggiero
  [START] rachel-ruggiero
  [START] rachel-ruggiero
  [START] rachel-ruggiero
  [START] rachel-ruggiero
  [START] rachel-ruggiero
  [START] rachel-ruggiero
  [START] rachel-ruggiero
  [START] rachel-ruggiero
  [START] rachel-ruggiero
  [DONE ] rachel-ruggiero
  [START] rudy-sheriff
  [START] rudy-sheriff
  [START] richard-tonkin
  [DONE ] richard-tonkin
  [START] ryan-south
  [START] ryan-south
  [START] rosalielau
  [START] rosalielau
  [START] rosalielau
  [START] rosalielau
  [START] rosalielau
  [START] rosalielau
  [START] rosalielau
  [START] rosalielau
  [START] rosalielau
  [START] rosalielau
  [START] rosalielau
  [START] rosalielau
  [START] rosalielau
  [START] rosalielau
  [DONE ] rosalielau
  [START] ryanmulder1
  [START] ryanmulder1
  [START] rudy-sheriff
  [START] ryanmulder1
  [START] rudy-sheriff
  [START] rudy-sheriff
  [START] rudy-sheriff
  [START] rudy-sheriff
  [START] rudy-sheriff
  [START] rudy-sheriff
  [START] rudy-sheriff
  [START] rudy-sheriff
  [START] rudy-sheriff
  [START] rudy-sheriff
  [START] rudy-sheriff
  [START] rudy-sheriff
  [START] rudy-sheriff
  [DONE ] rudy-sheriff
  [START] sahreena-mohammed
  [START] sahreena-mohammed
  [START] ryan-south
  [START] ryanmulder1
  [START] ryanmulder1
  [START] ryanmulder1
  [START] ryanmulder1
  [START] ryanmulder1
  [START] ryanmulder1
  [START] ryanmulder1
  [START] ryanmulder1
  [START] ryanmulder1
  [START] ryanmulder1
  [START] ryanmulder1
  [START] ryanmulder1
  [START] ryanmulder1
  [DONE ] ryanmulder1
  [START] sam-lawrence
  [START] sam-lawrence
  [START] ryan-south
  [START] ryan-south
  [START] ryan-south
  [START] ryan-south
  [START] ryan-south
  [START] ryan-south
  [START] ryan-south
  [START] ryan-south
  [START] ryan-south
  [START] ryan-south
  [START] ryan-south
  [START] ryan-south
  [START] ryan-south
  [DONE ] ryan-south
  [START] scottphenshaw
  [START] scottphenshaw
  [START] sam-lawrence
  [START] sahreena-mohammed
  [START] scottphenshaw
  [START] sam-lawrence
  [START] sam-lawrence
  [START] sam-lawrence
  [START] sam-lawrence
  [START] sam-lawrence
  [START] sam-lawrence
  [START] sam-lawrence
  [START] sam-lawrence
  [START] sam-lawrence
  [START] sam-lawrence
  [START] sam-lawrence
  [START] sam-lawrence
  [START] sam-lawrence
  [DONE ] sam-lawrence
  [START] scottyschindler
  [START] scottyschindler
  [START] sahreena-mohammed
  [START] sahreena-mohammed
  [START] sahreena-mohammed
  [START] sahreena-mohammed
  [START] sahreena-mohammed
  [START] sahreena-mohammed
  [START] sahreena-mohammed
  [START] sahreena-mohammed
  [START] sahreena-mohammed
  [START] sahreena-mohammed
  [START] sahreena-mohammed
  [START] sahreena-mohammed
  [START] sahreena-mohammed
  [DONE ] sahreena-mohammed
  [START] seankam
  [START] seankam
  [START] rohan-salisbury
  [DONE ] rohan-salisbury
  [START] simon-officer
  [START] simon-officer
  [START] scottphenshaw
  [START] scottphenshaw
  [START] scottphenshaw
  [START] scottphenshaw
  [START] scottphenshaw
  [START] scottphenshaw
  [START] scottphenshaw
  [START] scottphenshaw
  [START] scottphenshaw
  [START] scottphenshaw
  [START] scottphenshaw
  [START] scottphenshaw
  [START] scottphenshaw
  [DONE ] scottphenshaw
  [START] simone-herbert
  [START] simone-herbert
  [START] scottyschindler
  [START] seankam
  [START] scottyschindler
  [START] scottyschindler
  [START] scottyschindler
  [START] scottyschindler
  [START] scottyschindler
  [START] scottyschindler
  [START] scottyschindler
  [START] scottyschindler
  [START] scottyschindler
  [START] scottyschindler
  [START] scottyschindler
  [START] scottyschindler
  [START] scottyschindler
  [DONE ] scottyschindler
  [START] steve-skinner
  [START] steve-skinner
  [START] simone-herbert
  [START] seankam
  [START] seankam
  [START] seankam
  [START] seankam
  [START] seankam
  [START] seankam
  [START] seankam
  [START] seankam
  [START] seankam
  [START] seankam
  [START] seankam
  [START] seankam
  [START] seankam
  [DONE ] seankam
  [START] steven-mclauchlan
  [START] steven-mclauchlan
  [START] simon-officer
  [START] simone-herbert
  [START] simone-herbert
  [START] simone-herbert
  [START] simone-herbert
  [START] simone-herbert
  [START] simone-herbert
  [START] simone-herbert
  [START] simone-herbert
  [START] simone-herbert
  [START] simone-herbert
  [START] simone-herbert
  [START] simone-herbert
  [START] simone-herbert
  [DONE ] simone-herbert
  [START] stuartbrownau
  [START] stuartbrownau
  [START] simon-officer
  [START] simon-officer
  [START] simon-officer
  [START] simon-officer
  [START] simon-officer
  [START] simon-officer
  [START] simon-officer
  [START] simon-officer
  [START] simon-officer
  [START] simon-officer
  [START] simon-officer
  [START] simon-officer
  [START] simon-officer
  [DONE ] simon-officer
  [START] sunny-kapoor
  [START] sunny-kapoor
  [START] stuartbrownau
  [START] stuartbrownau
  [START] stuartbrownau
  [START] stuartbrownau
  [START] stuartbrownau
  [START] stuartbrownau
  [START] stuartbrownau
  [START] stuartbrownau
  [START] stuartbrownau
  [START] stuartbrownau
  [START] stuartbrownau
  [START] stuartbrownau
  [START] stuartbrownau
  [START] stuartbrownau
  [DONE ] stuartbrownau
  [START] tanuja-bissa
  [START] tanuja-bissa
  [START] sunny-kapoor
  [START] sunny-kapoor
  [START] sunny-kapoor
  [START] sunny-kapoor
  [START] sunny-kapoor
  [START] sunny-kapoor
  [START] sunny-kapoor
  [START] sunny-kapoor
  [START] sunny-kapoor
  [START] sunny-kapoor
  [START] sunny-kapoor
  [START] sunny-kapoor
  [START] sunny-kapoor
  [START] sunny-kapoor
  [DONE ] sunny-kapoor
  [START] thomas-delaney
  [START] thomas-delaney
  [START] steven-mclauchlan
  [START] tanuja-bissa
  [START] thomas-delaney
  [START] steve-skinner
