Campaign: Chris Graham — National Risk Solutions C-suite outreach (S&P only)
T1 @ .: 6 task(s) — geoff-baldwin, nancy-ruscitti, jamieweon, craig-murray, richard-liew, markalistairbarlow
  [START] craig-murray
  [START] geoff-baldwin
  [START] jamieweon
  [START] markalistairbarlow
  [START] geoff-baldwin
  [START] markalistairbarlow
  [START] craig-murray
  [START] jamieweon
  [START] geoff-baldwin
  [START] jamieweon
  [START] geoff-baldwin
  [START] geoff-baldwin
  [START] geoff-baldwin
  [START] geoff-baldwin
  [START] geoff-baldwin
  [START] geoff-baldwin
  [START] geoff-baldwin
  [START] geoff-baldwin
  [START] geoff-baldwin
  [START] geoff-baldwin
  [START] geoff-baldwin
  [START] geoff-baldwin
  [START] geoff-baldwin
  [DONE ] geoff-baldwin
  [START] nancy-ruscitti
  [START] nancy-ruscitti
  [START] jamieweon
  [START] jamieweon
  [START] jamieweon
  [START] jamieweon
  [START] jamieweon
  [START] jamieweon
  [START] jamieweon
  [START] jamieweon
  [START] jamieweon
  [START] jamieweon
  [START] jamieweon
  [START] jamieweon
  [START] jamieweon
  [DONE ] jamieweon
  [START] richard-liew
  [START] richard-liew
  [START] craig-murray
  [DONE ] craig-murray
  [START] richard-liew
  [START] richard-liew
  [START] richard-liew
  [START] richard-liew
  [START] richard-liew
  [START] richard-liew
  [START] richard-liew
  [START] richard-liew
  [START] richard-liew
  [START] richard-liew
  [START] richard-liew
  [START] richard-liew
  [START] richard-liew
  [START] richard-liew
  [DONE ] richard-liew
  [START] nancy-ruscitti
  [START] nancy-ruscitti
  [START] nancy-ruscitti
  [START] nancy-ruscitti
  [START] nancy-ruscitti
  [START] nancy-ruscitti
  [START] nancy-ruscitti
  [START] nancy-ruscitti
  [START] nancy-ruscitti
  [START] nancy-ruscitti
  [START] nancy-ruscitti
  [START] nancy-ruscitti
  [START] nancy-ruscitti
  [DONE ] nancy-ruscitti
  [START] markalistairbarlow
  [DONE ] markalistairbarlow

=== Summary ===
Done:   6
Failed: 0
