Campaign: Chris Graham — National Risk Solutions C-suite outreach (S&P only)
T1 @ .: 79 task(s) — rick-celik-006169167, preserver, ryangrayonline, luke-mullins-375a70bb, hein-cro, vic-ferrara-067730a, robert-felton-7825a813, warwicklawrence, paul-petrovski-88273639, stevenmcmenamin, stevesoman1, matthew-musumeci-a4096471, stephen-jones-8aab6419, dan-mcconaghy-01058415, elvis-kalabric-27887a20, christine-bletsas, stacey-sleeman-45b33b74, satwant-singh-bassan-45ba0913, scott-pearson-134bba11, michelle-therma-7aa114155, mtannahill21, steven-d-9048002a, lindsay-partridge-am-2331a5a, paul-perosin-6149b0a, rob-baker-6b55b819, mitchell-upton-9ba3bb187, jaymes-rath-2bb3b2187, filippo-giordano-18826a49, penny-taylor-58b2969, dennis-rama-0514367, matt-adams-864a6834, prem-reddy-366bb410, michael-esber-5548a3209, jensgoennemann, tom-devjak-086a497a, darren-grech-59579325, david-webster-1181085, lachlan-benson-gaicd-cmilt-cpl-331a794, wilfred-finn-088020a, daniel-considine, gearoidconsidine, steventapsall, james-durney-5209a067, john-garrad-ceng-mraes-31165712, mick-cronin-27122336, michael-j-fitzgerald-9372175, michael-clancy-bankstown, shaun-johns-ab443044, susan-ball-29822938, gary-leighton-29b17751, matt-cavanagh-63580198, neil-watts-3672b623, leon-currie-84ab17a0, josh-boakes-b2563799, jacob-andrew-7433bb30, nscott33, graham-tappin, chris-damsteegt-81808a56, leigh-anne-stratford-0aa19773, rhian-greaves-821b1338, michael-sacke-110a4a11, helensnijders, ken-f-46a04826, tony-seto, tasnim-hoosein-25a55a198, graham-watson-9978652b, rob-ferrier-a8585a42, guy-stewart-05427b17, dean-purves-0a303b22, mitchelleaston, jeff-wearmouth-0b15b593, harvey-mcalpin-80851998, john-mclachlan-36233357, christy-k-a20b3931, david-boyce-03200739, lauren-wells-a3b76126, paulbrennanhpp, sherelle-kennelly-08881324, jason-drivas-cyclone-global
  [START] chris-damsteegt-81808a56
  [START] christine-bletsas
  [START] christy-k-a20b3931
  [START] dan-mcconaghy-01058415
  [START] dan-mcconaghy-01058415
  [START] christine-bletsas
  [START] chris-damsteegt-81808a56
  [START] christy-k-a20b3931
  [START] christine-bletsas
  [DONE ] christine-bletsas
  [START] daniel-considine
  [START] daniel-considine
  [START] chris-damsteegt-81808a56
  [START] chris-damsteegt-81808a56
  [START] chris-damsteegt-81808a56
  [START] chris-damsteegt-81808a56
  [START] chris-damsteegt-81808a56
  [START] chris-damsteegt-81808a56
  [START] chris-damsteegt-81808a56
  [START] chris-damsteegt-81808a56
  [START] chris-damsteegt-81808a56
  [START] chris-damsteegt-81808a56
  [START] chris-damsteegt-81808a56
  [START] chris-damsteegt-81808a56
  [START] chris-damsteegt-81808a56
  [START] chris-damsteegt-81808a56
  [DONE ] chris-damsteegt-81808a56
  [START] darren-grech-59579325
  [START] darren-grech-59579325
  [START] dan-mcconaghy-01058415
  [DONE ] dan-mcconaghy-01058415
  [START] david-boyce-03200739
  [START] david-boyce-03200739
  [START] christy-k-a20b3931
  [DONE ] christy-k-a20b3931
  [START] david-webster-1181085
  [START] david-webster-1181085
  [START] david-webster-1181085
  [START] daniel-considine
  [DONE ] daniel-considine
  [START] dean-purves-0a303b22
  [START] dean-purves-0a303b22
  [START] david-webster-1181085
  [START] david-webster-1181085
  [START] david-webster-1181085
  [START] david-webster-1181085
  [START] david-webster-1181085
  [START] david-webster-1181085
  [START] david-webster-1181085
  [START] david-webster-1181085
  [START] david-webster-1181085
  [START] david-webster-1181085
  [START] david-webster-1181085
  [START] david-webster-1181085
  [START] david-webster-1181085
  [DONE ] david-webster-1181085
  [START] dennis-rama-0514367
  [START] dennis-rama-0514367
  [START] david-boyce-03200739
  [START] david-boyce-03200739
  [START] david-boyce-03200739
  [START] david-boyce-03200739
  [START] david-boyce-03200739
  [START] david-boyce-03200739
  [START] david-boyce-03200739
  [START] david-boyce-03200739
  [START] david-boyce-03200739
  [START] david-boyce-03200739
  [START] david-boyce-03200739
  [START] david-boyce-03200739
  [START] david-boyce-03200739
  [START] david-boyce-03200739
  [DONE ] david-boyce-03200739
  [START] elvis-kalabric-27887a20
  [START] elvis-kalabric-27887a20
  [START] darren-grech-59579325
  [DONE ] darren-grech-59579325
  [START] filippo-giordano-18826a49
  [START] filippo-giordano-18826a49
  [START] elvis-kalabric-27887a20
  [DONE ] elvis-kalabric-27887a20
  [START] gary-leighton-29b17751
  [START] gary-leighton-29b17751
  [START] dean-purves-0a303b22
  [DONE ] dean-purves-0a303b22
  [START] gearoidconsidine
  [START] gearoidconsidine
  [START] dennis-rama-0514367
  [DONE ] dennis-rama-0514367
  [START] graham-tappin
  [START] graham-tappin
  [START] filippo-giordano-18826a49
  [START] filippo-giordano-18826a49
  [START] filippo-giordano-18826a49
  [START] filippo-giordano-18826a49
  [START] filippo-giordano-18826a49
  [START] filippo-giordano-18826a49
  [START] filippo-giordano-18826a49
  [START] filippo-giordano-18826a49
  [START] filippo-giordano-18826a49
  [START] filippo-giordano-18826a49
  [START] filippo-giordano-18826a49
  [START] filippo-giordano-18826a49
  [START] filippo-giordano-18826a49
  [START] filippo-giordano-18826a49
  [DONE ] filippo-giordano-18826a49
  [START] graham-watson-9978652b
  [START] graham-watson-9978652b
  [START] gearoidconsidine
  [START] gearoidconsidine
  [START] gearoidconsidine
  [START] gearoidconsidine
  [START] gearoidconsidine
  [START] gearoidconsidine
  [START] gearoidconsidine
  [START] gearoidconsidine
  [START] gearoidconsidine
  [START] gearoidconsidine
  [START] gearoidconsidine
  [START] gearoidconsidine
  [START] gearoidconsidine
  [START] gearoidconsidine
  [DONE ] gearoidconsidine
  [START] guy-stewart-05427b17
  [START] guy-stewart-05427b17
  [START] graham-watson-9978652b
  [START] graham-watson-9978652b
  [START] graham-watson-9978652b
  [START] graham-watson-9978652b
  [START] graham-watson-9978652b
  [START] graham-watson-9978652b
  [START] graham-watson-9978652b
  [START] graham-watson-9978652b
  [START] graham-watson-9978652b
  [START] graham-watson-9978652b
  [START] graham-watson-9978652b
  [START] graham-watson-9978652b
  [START] graham-watson-9978652b
  [START] graham-watson-9978652b
  [DONE ] graham-watson-9978652b
  [START] harvey-mcalpin-80851998
  [START] harvey-mcalpin-80851998
  [START] gary-leighton-29b17751
  [DONE ] gary-leighton-29b17751
  [START] hein-cro
  [START] hein-cro
  [START] guy-stewart-05427b17
  [DONE ] guy-stewart-05427b17
  [START] helensnijders
  [START] helensnijders
  [START] harvey-mcalpin-80851998
  [START] harvey-mcalpin-80851998
  [START] harvey-mcalpin-80851998
  [START] harvey-mcalpin-80851998
  [START] harvey-mcalpin-80851998
  [START] harvey-mcalpin-80851998
  [START] harvey-mcalpin-80851998
  [START] harvey-mcalpin-80851998
  [START] harvey-mcalpin-80851998
  [START] harvey-mcalpin-80851998
  [START] harvey-mcalpin-80851998
  [START] harvey-mcalpin-80851998
  [START] harvey-mcalpin-80851998
  [START] harvey-mcalpin-80851998
  [DONE ] harvey-mcalpin-80851998
  [START] jacob-andrew-7433bb30
  [START] jacob-andrew-7433bb30
  [START] hein-cro
  [START] hein-cro
  [START] hein-cro
  [START] hein-cro
  [START] hein-cro
  [START] hein-cro
  [START] hein-cro
  [START] hein-cro
  [START] hein-cro
  [START] hein-cro
  [START] hein-cro
  [START] hein-cro
  [START] hein-cro
  [START] hein-cro
  [DONE ] hein-cro
  [START] james-durney-5209a067
  [START] james-durney-5209a067
  [START] graham-tappin
  [DONE ] graham-tappin
  [START] jason-drivas-cyclone-global
  [START] jason-drivas-cyclone-global
  [START] helensnijders
  [DONE ] helensnijders
  [START] jaymes-rath-2bb3b2187
  [START] jaymes-rath-2bb3b2187
  [START] james-durney-5209a067
  [START] jacob-andrew-7433bb30
  [START] jaymes-rath-2bb3b2187
  [START] jacob-andrew-7433bb30
  [START] jacob-andrew-7433bb30
  [START] jacob-andrew-7433bb30
  [START] jacob-andrew-7433bb30
  [START] jacob-andrew-7433bb30
  [START] jacob-andrew-7433bb30
  [START] jacob-andrew-7433bb30
  [START] jacob-andrew-7433bb30
  [START] jacob-andrew-7433bb30
  [START] jacob-andrew-7433bb30
  [START] jacob-andrew-7433bb30
  [START] jacob-andrew-7433bb30
  [START] jacob-andrew-7433bb30
  [DONE ] jacob-andrew-7433bb30
  [START] jeff-wearmouth-0b15b593
  [START] jeff-wearmouth-0b15b593
  [START] james-durney-5209a067
  [START] james-durney-5209a067
  [START] james-durney-5209a067
  [START] james-durney-5209a067
  [START] james-durney-5209a067
  [START] james-durney-5209a067
  [START] james-durney-5209a067
  [START] james-durney-5209a067
  [START] james-durney-5209a067
  [START] james-durney-5209a067
  [START] james-durney-5209a067
  [START] james-durney-5209a067
  [START] james-durney-5209a067
  [DONE ] james-durney-5209a067
  [START] jensgoennemann
  [START] jensgoennemann
  [START] jaymes-rath-2bb3b2187
  [START] jaymes-rath-2bb3b2187
  [START] jaymes-rath-2bb3b2187
  [START] jaymes-rath-2bb3b2187
  [START] jaymes-rath-2bb3b2187
  [START] jaymes-rath-2bb3b2187
  [START] jaymes-rath-2bb3b2187
  [START] jaymes-rath-2bb3b2187
  [START] jaymes-rath-2bb3b2187
  [START] jaymes-rath-2bb3b2187
  [START] jaymes-rath-2bb3b2187
  [START] jaymes-rath-2bb3b2187
  [START] jaymes-rath-2bb3b2187
  [DONE ] jaymes-rath-2bb3b2187
  [START] john-garrad-ceng-mraes-31165712
  [START] john-garrad-ceng-mraes-31165712
  [START] jensgoennemann
  [START] jensgoennemann
  [START] jensgoennemann
  [START] jensgoennemann
  [START] jensgoennemann
  [START] jensgoennemann
  [START] jensgoennemann
  [START] jensgoennemann
  [START] jensgoennemann
  [START] jensgoennemann
  [START] jensgoennemann
  [START] jensgoennemann
  [START] jensgoennemann
  [START] jensgoennemann
  [DONE ] jensgoennemann
  [START] john-mclachlan-36233357
  [START] john-mclachlan-36233357
  [START] jason-drivas-cyclone-global
  [DONE ] jason-drivas-cyclone-global
  [START] josh-boakes-b2563799
  [START] josh-boakes-b2563799
  [START] john-garrad-ceng-mraes-31165712
  [DONE ] john-garrad-ceng-mraes-31165712
  [START] ken-f-46a04826
  [START] ken-f-46a04826
  [START] jeff-wearmouth-0b15b593
  [DONE ] jeff-wearmouth-0b15b593
  [START] lachlan-benson-gaicd-cmilt-cpl-331a794
  [START] lachlan-benson-gaicd-cmilt-cpl-331a794
  [START] john-mclachlan-36233357
  [DONE ] john-mclachlan-36233357
  [START] lauren-wells-a3b76126
  [START] lauren-wells-a3b76126
  [START] josh-boakes-b2563799
  [DONE ] josh-boakes-b2563799
  [START] leigh-anne-stratford-0aa19773
  [START] leigh-anne-stratford-0aa19773
  [START] leigh-anne-stratford-0aa19773
  [START] ken-f-46a04826
  [START] lauren-wells-a3b76126
  [START] lachlan-benson-gaicd-cmilt-cpl-331a794
  [DONE ] lachlan-benson-gaicd-cmilt-cpl-331a794
  [START] leon-currie-84ab17a0
  [START] leon-currie-84ab17a0
  [START] leigh-anne-stratford-0aa19773
  [START] leigh-anne-stratford-0aa19773
  [START] leigh-anne-stratford-0aa19773
  [START] leigh-anne-stratford-0aa19773
  [START] leigh-anne-stratford-0aa19773
  [START] leigh-anne-stratford-0aa19773
  [START] leigh-anne-stratford-0aa19773
  [START] leigh-anne-stratford-0aa19773
  [START] leigh-anne-stratford-0aa19773
  [START] leigh-anne-stratford-0aa19773
  [START] leigh-anne-stratford-0aa19773
  [START] leigh-anne-stratford-0aa19773
  [START] leigh-anne-stratford-0aa19773
  [DONE ] leigh-anne-stratford-0aa19773
  [START] lindsay-partridge-am-2331a5a
  [START] lindsay-partridge-am-2331a5a
  [START] ken-f-46a04826
  [START] ken-f-46a04826
  [START] ken-f-46a04826
  [START] ken-f-46a04826
  [START] ken-f-46a04826
  [START] ken-f-46a04826
  [START] ken-f-46a04826
  [START] ken-f-46a04826
  [START] ken-f-46a04826
  [START] ken-f-46a04826
  [START] ken-f-46a04826
  [START] ken-f-46a04826
  [START] ken-f-46a04826
  [DONE ] ken-f-46a04826
  [START] luke-mullins-375a70bb
  [START] luke-mullins-375a70bb
  [START] lauren-wells-a3b76126
  [START] lauren-wells-a3b76126
  [START] lauren-wells-a3b76126
  [START] lauren-wells-a3b76126
  [START] lauren-wells-a3b76126
  [START] lauren-wells-a3b76126
  [START] lauren-wells-a3b76126
  [START] lauren-wells-a3b76126
  [START] lauren-wells-a3b76126
  [START] lauren-wells-a3b76126
  [START] lauren-wells-a3b76126
  [START] lauren-wells-a3b76126
  [START] lauren-wells-a3b76126
  [DONE ] lauren-wells-a3b76126
  [START] matt-adams-864a6834
  [START] matt-adams-864a6834
  [START] lindsay-partridge-am-2331a5a
  [START] lindsay-partridge-am-2331a5a
  [START] lindsay-partridge-am-2331a5a
  [START] lindsay-partridge-am-2331a5a
  [START] lindsay-partridge-am-2331a5a
  [START] lindsay-partridge-am-2331a5a
  [START] lindsay-partridge-am-2331a5a
  [START] lindsay-partridge-am-2331a5a
  [START] lindsay-partridge-am-2331a5a
  [START] lindsay-partridge-am-2331a5a
  [START] lindsay-partridge-am-2331a5a
  [START] lindsay-partridge-am-2331a5a
  [START] lindsay-partridge-am-2331a5a
  [START] lindsay-partridge-am-2331a5a
  [DONE ] lindsay-partridge-am-2331a5a
  [START] matt-cavanagh-63580198
  [START] matt-cavanagh-63580198
  [START] matt-adams-864a6834
  [START] luke-mullins-375a70bb
  [DONE ] luke-mullins-375a70bb
  [START] matthew-musumeci-a4096471
  [START] matthew-musumeci-a4096471
  [START] matt-adams-864a6834
  [START] matt-adams-864a6834
  [START] matt-adams-864a6834
  [START] matt-adams-864a6834
  [START] matt-adams-864a6834
  [START] matt-adams-864a6834
  [START] matt-adams-864a6834
  [START] matt-adams-864a6834
  [START] matt-adams-864a6834
  [START] matt-adams-864a6834
  [START] matt-adams-864a6834
  [START] matt-adams-864a6834
  [START] matt-adams-864a6834
  [DONE ] matt-adams-864a6834
  [START] michael-clancy-bankstown
  [START] michael-clancy-bankstown
  [START] matt-cavanagh-63580198
  [DONE ] matt-cavanagh-63580198
  [START] michael-esber-5548a3209
  [START] michael-esber-5548a3209
  [START] matthew-musumeci-a4096471
  [DONE ] matthew-musumeci-a4096471
  [START] michael-j-fitzgerald-9372175
  [START] michael-j-fitzgerald-9372175
  [START] michael-j-fitzgerald-9372175
  [START] leon-currie-84ab17a0
  [DONE ] leon-currie-84ab17a0
  [START] michael-sacke-110a4a11
  [START] michael-sacke-110a4a11
  [START] michael-j-fitzgerald-9372175
  [START] michael-j-fitzgerald-9372175
  [START] michael-j-fitzgerald-9372175
  [START] michael-j-fitzgerald-9372175
  [START] michael-j-fitzgerald-9372175
  [START] michael-j-fitzgerald-9372175
  [START] michael-j-fitzgerald-9372175
  [START] michael-j-fitzgerald-9372175
  [START] michael-j-fitzgerald-9372175
  [START] michael-j-fitzgerald-9372175
  [START] michael-j-fitzgerald-9372175
  [START] michael-j-fitzgerald-9372175
  [START] michael-j-fitzgerald-9372175
  [DONE ] michael-j-fitzgerald-9372175
  [START] michelle-therma-7aa114155
  [START] michelle-therma-7aa114155
  [START] michael-esber-5548a3209
  [START] michael-esber-5548a3209
  [START] michael-esber-5548a3209
  [START] michael-esber-5548a3209
  [START] michael-esber-5548a3209
  [START] michael-esber-5548a3209
  [START] michael-esber-5548a3209
  [START] michael-esber-5548a3209
  [START] michael-esber-5548a3209
  [START] michael-esber-5548a3209
  [START] michael-esber-5548a3209
  [START] michael-esber-5548a3209
  [START] michael-esber-5548a3209
  [START] michael-esber-5548a3209
  [DONE ] michael-esber-5548a3209
  [START] mick-cronin-27122336
  [START] mick-cronin-27122336
  [START] michelle-therma-7aa114155
  [START] michael-clancy-bankstown
  [DONE ] michael-clancy-bankstown
  [START] mitchell-upton-9ba3bb187
  [START] mitchell-upton-9ba3bb187
  [START] michelle-therma-7aa114155
  [START] michelle-therma-7aa114155
  [START] michelle-therma-7aa114155
  [START] michelle-therma-7aa114155
  [START] michelle-therma-7aa114155
  [START] michelle-therma-7aa114155
  [START] michelle-therma-7aa114155
  [START] michelle-therma-7aa114155
  [START] michelle-therma-7aa114155
  [START] michelle-therma-7aa114155
  [START] michelle-therma-7aa114155
  [START] michelle-therma-7aa114155
  [START] michelle-therma-7aa114155
  [DONE ] michelle-therma-7aa114155
  [START] mitchelleaston
  [START] mitchelleaston
  [START] michael-sacke-110a4a11
  [DONE ] michael-sacke-110a4a11
  [START] mtannahill21
  [START] mtannahill21
  [START] mick-cronin-27122336
  [START] mick-cronin-27122336
  [START] mick-cronin-27122336
  [START] mick-cronin-27122336
  [START] mick-cronin-27122336
  [START] mick-cronin-27122336
  [START] mick-cronin-27122336
  [START] mick-cronin-27122336
  [START] mick-cronin-27122336
  [START] mick-cronin-27122336
  [START] mick-cronin-27122336
  [START] mick-cronin-27122336
  [START] mick-cronin-27122336
  [START] mick-cronin-27122336
  [DONE ] mick-cronin-27122336
  [START] neil-watts-3672b623
  [START] neil-watts-3672b623
  [START] neil-watts-3672b623
  [DONE ] neil-watts-3672b623
  [START] nscott33
  [START] nscott33
  [START] mitchell-upton-9ba3bb187
  [DONE ] mitchell-upton-9ba3bb187
  [START] paul-perosin-6149b0a
  [START] paul-perosin-6149b0a
  [START] mtannahill21
  [DONE ] mtannahill21
  [START] paul-petrovski-88273639
  [START] paul-petrovski-88273639
  [START] nscott33
  [DONE ] nscott33
  [START] paulbrennanhpp
  [START] paulbrennanhpp
  [START] mitchelleaston
  [START] mitchelleaston
  [START] mitchelleaston
  [START] mitchelleaston
  [START] mitchelleaston
  [START] mitchelleaston
  [START] mitchelleaston
  [START] mitchelleaston
  [START] mitchelleaston
  [START] mitchelleaston
  [START] mitchelleaston
  [START] mitchelleaston
  [START] mitchelleaston
  [DONE ] mitchelleaston
  [START] penny-taylor-58b2969
  [START] penny-taylor-58b2969
  [START] paul-perosin-6149b0a
  [DONE ] paul-perosin-6149b0a
  [START] prem-reddy-366bb410
  [START] prem-reddy-366bb410
  [START] paul-petrovski-88273639
  [DONE ] paul-petrovski-88273639
  [START] preserver
  [START] preserver
  [START] penny-taylor-58b2969
  [START] penny-taylor-58b2969
  [START] penny-taylor-58b2969
  [START] penny-taylor-58b2969
  [START] penny-taylor-58b2969
  [START] penny-taylor-58b2969
  [START] penny-taylor-58b2969
  [START] penny-taylor-58b2969
  [START] penny-taylor-58b2969
  [START] penny-taylor-58b2969
  [START] penny-taylor-58b2969
  [START] penny-taylor-58b2969
  [START] penny-taylor-58b2969
  [START] penny-taylor-58b2969
  [DONE ] penny-taylor-58b2969
  [START] rhian-greaves-821b1338
  [START] rhian-greaves-821b1338
  [START] prem-reddy-366bb410
  [DONE ] prem-reddy-366bb410
  [START] rick-celik-006169167
  [START] rick-celik-006169167
  [START] preserver
  [DONE ] preserver
  [START] rob-baker-6b55b819
  [START] rob-baker-6b55b819
  [START] rhian-greaves-821b1338
  [START] rhian-greaves-821b1338
  [START] rhian-greaves-821b1338
  [START] rhian-greaves-821b1338
  [START] rhian-greaves-821b1338
  [START] rhian-greaves-821b1338
  [START] rhian-greaves-821b1338
  [START] rhian-greaves-821b1338
  [START] rhian-greaves-821b1338
  [START] rhian-greaves-821b1338
  [START] rhian-greaves-821b1338
  [START] rhian-greaves-821b1338
  [START] rhian-greaves-821b1338
  [START] rhian-greaves-821b1338
  [START] rhian-greaves-821b1338
  [DONE ] rhian-greaves-821b1338
  [START] rob-ferrier-a8585a42
  [START] rob-ferrier-a8585a42
  [START] paulbrennanhpp
  [START] rob-baker-6b55b819
  [START] paulbrennanhpp
  [START] paulbrennanhpp
  [START] paulbrennanhpp
  [START] paulbrennanhpp
  [START] paulbrennanhpp
  [START] paulbrennanhpp
  [START] paulbrennanhpp
  [START] paulbrennanhpp
  [START] paulbrennanhpp
  [START] paulbrennanhpp
  [START] paulbrennanhpp
  [START] paulbrennanhpp
  [START] paulbrennanhpp
  [DONE ] paulbrennanhpp
  [START] robert-felton-7825a813
  [START] robert-felton-7825a813
  [START] rob-baker-6b55b819
  [START] rob-baker-6b55b819
  [START] rob-baker-6b55b819
  [START] rob-baker-6b55b819
  [START] rob-baker-6b55b819
  [START] rob-baker-6b55b819
  [START] rob-baker-6b55b819
  [START] rob-baker-6b55b819
  [START] rob-baker-6b55b819
  [START] rob-baker-6b55b819
  [START] rob-baker-6b55b819
  [START] rob-baker-6b55b819
  [START] rob-baker-6b55b819
  [DONE ] rob-baker-6b55b819
  [START] ryangrayonline
  [START] ryangrayonline
  [START] rick-celik-006169167
  [DONE ] rick-celik-006169167
  [START] satwant-singh-bassan-45ba0913
  [START] satwant-singh-bassan-45ba0913
  [START] rob-ferrier-a8585a42
  [DONE ] rob-ferrier-a8585a42
  [START] scott-pearson-134bba11
  [START] scott-pearson-134bba11
  [START] scott-pearson-134bba11
  [START] robert-felton-7825a813
  [DONE ] robert-felton-7825a813
  [START] shaun-johns-ab443044
  [START] shaun-johns-ab443044
  [START] satwant-singh-bassan-45ba0913
  [START] scott-pearson-134bba11
  [START] scott-pearson-134bba11
  [START] scott-pearson-134bba11
  [START] scott-pearson-134bba11
  [START] scott-pearson-134bba11
  [START] scott-pearson-134bba11
  [START] scott-pearson-134bba11
  [START] scott-pearson-134bba11
  [START] scott-pearson-134bba11
  [START] scott-pearson-134bba11
  [START] scott-pearson-134bba11
  [START] scott-pearson-134bba11
  [START] scott-pearson-134bba11
  [DONE ] scott-pearson-134bba11
  [START] sherelle-kennelly-08881324
  [START] sherelle-kennelly-08881324
  [START] satwant-singh-bassan-45ba0913
  [START] satwant-singh-bassan-45ba0913
  [START] satwant-singh-bassan-45ba0913
  [START] satwant-singh-bassan-45ba0913
  [START] satwant-singh-bassan-45ba0913
  [START] satwant-singh-bassan-45ba0913
  [START] satwant-singh-bassan-45ba0913
  [START] satwant-singh-bassan-45ba0913
  [START] satwant-singh-bassan-45ba0913
  [START] satwant-singh-bassan-45ba0913
  [START] satwant-singh-bassan-45ba0913
  [START] satwant-singh-bassan-45ba0913
  [START] satwant-singh-bassan-45ba0913
  [DONE ] satwant-singh-bassan-45ba0913
  [START] stacey-sleeman-45b33b74
  [START] stacey-sleeman-45b33b74
  [START] sherelle-kennelly-08881324
  [START] sherelle-kennelly-08881324
  [START] sherelle-kennelly-08881324
  [START] sherelle-kennelly-08881324
  [START] sherelle-kennelly-08881324
  [START] sherelle-kennelly-08881324
  [START] sherelle-kennelly-08881324
  [START] sherelle-kennelly-08881324
  [START] sherelle-kennelly-08881324
  [START] sherelle-kennelly-08881324
  [START] sherelle-kennelly-08881324
  [START] sherelle-kennelly-08881324
  [START] sherelle-kennelly-08881324
  [START] sherelle-kennelly-08881324
  [DONE ] sherelle-kennelly-08881324
  [START] stephen-jones-8aab6419
  [START] stephen-jones-8aab6419
  [START] ryangrayonline
  [START] shaun-johns-ab443044
  [DONE ] shaun-johns-ab443044
  [START] steven-d-9048002a
  [START] steven-d-9048002a
  [START] ryangrayonline
  [START] ryangrayonline
  [START] ryangrayonline
  [START] ryangrayonline
  [START] ryangrayonline
  [START] ryangrayonline
  [START] ryangrayonline
  [START] ryangrayonline
  [START] ryangrayonline
  [START] ryangrayonline
  [START] ryangrayonline
  [START] ryangrayonline
  [START] ryangrayonline
  [DONE ] ryangrayonline
  [START] stevenmcmenamin
  [START] stevenmcmenamin
  [START] stacey-sleeman-45b33b74
  [DONE ] stacey-sleeman-45b33b74
  [START] steventapsall
  [START] steventapsall
  [START] stephen-jones-8aab6419
  [START] stephen-jones-8aab6419
  [START] stephen-jones-8aab6419
  [DONE ] stephen-jones-8aab6419
  [START] stevesoman1
  [START] stevesoman1
  [START] stevenmcmenamin
  [DONE ] stevenmcmenamin
  [START] susan-ball-29822938
  [START] susan-ball-29822938
  [START] steven-d-9048002a
  [DONE ] steven-d-9048002a
  [START] tasnim-hoosein-25a55a198
  [START] tasnim-hoosein-25a55a198
  [START] steventapsall
  [START] stevesoman1
  [DONE ] stevesoman1
  [START] tom-devjak-086a497a
  [START] tom-devjak-086a497a
  [START] steventapsall
  [START] steventapsall
  [START] steventapsall
  [START] steventapsall
  [START] steventapsall
  [START] steventapsall
  [START] steventapsall
  [START] steventapsall
  [START] steventapsall
  [START] steventapsall
  [START] steventapsall
  [START] steventapsall
  [START] steventapsall
  [DONE ] steventapsall
  [START] tony-seto
  [START] tony-seto
  [START] susan-ball-29822938
  [START] tasnim-hoosein-25a55a198
  [DONE ] tasnim-hoosein-25a55a198
  [START] vic-ferrara-067730a
  [START] vic-ferrara-067730a
  [START] susan-ball-29822938
  [START] susan-ball-29822938
  [START] susan-ball-29822938
  [START] susan-ball-29822938
  [START] susan-ball-29822938
  [START] susan-ball-29822938
  [START] susan-ball-29822938
  [START] susan-ball-29822938
  [START] susan-ball-29822938
  [START] susan-ball-29822938
  [START] susan-ball-29822938
  [START] susan-ball-29822938
  [START] susan-ball-29822938
  [DONE ] susan-ball-29822938
  [START] warwicklawrence
  [START] warwicklawrence
  [START] tom-devjak-086a497a
  [START] tom-devjak-086a497a
  [START] tom-devjak-086a497a
  [START] tom-devjak-086a497a
  [START] tom-devjak-086a497a
  [START] tom-devjak-086a497a
  [START] tom-devjak-086a497a
  [START] tom-devjak-086a497a
  [START] tom-devjak-086a497a
  [START] tom-devjak-086a497a
  [START] tom-devjak-086a497a
  [START] tom-devjak-086a497a
  [START] tom-devjak-086a497a
  [START] tom-devjak-086a497a
  [DONE ] tom-devjak-086a497a
  [START] wilfred-finn-088020a
  [START] wilfred-finn-088020a
  [START] tony-seto
  [START] vic-ferrara-067730a
  [START] wilfred-finn-088020a
  [START] warwicklawrence
  [START] tony-seto
  [START] tony-seto
  [START] tony-seto
  [START] tony-seto
  [START] tony-seto
  [START] tony-seto
  [START] tony-seto
  [START] tony-seto
  [START] tony-seto
  [START] tony-seto
  [START] tony-seto
  [START] tony-seto
  [START] tony-seto
  [START] tony-seto
  [START] tony-seto
  [DONE ] tony-seto
  [START] warwicklawrence
  [START] warwicklawrence
  [START] warwicklawrence
  [START] warwicklawrence
  [START] warwicklawrence
  [START] warwicklawrence
  [START] warwicklawrence
  [START] warwicklawrence
  [START] warwicklawrence
  [START] warwicklawrence
  [START] warwicklawrence
  [START] warwicklawrence
  [START] warwicklawrence
  [START] warwicklawrence
  [DONE ] warwicklawrence
  [START] wilfred-finn-088020a
  [DONE ] wilfred-finn-088020a
  [START] vic-ferrara-067730a
  [DONE ] vic-ferrara-067730a

=== Summary ===
Done:   79
Failed: 0
