Campaign: Chris Graham — National Risk Solutions C-suite outreach (S&P only)
T1 @ .: 7 task(s) — vic-ferrara-067730a, wilfred-finn-088020a, akash-varma-78b69a97, jon-cox-0059567b, matt-mcdonald-port-nelson, bernard-fong-a68aa518, grant-gladman-2102a769
  [START] akash-varma-78b69a97
  [START] bernard-fong-a68aa518
  [START] grant-gladman-2102a769
  [START] jon-cox-0059567b
  [START] akash-varma-78b69a97
  [START] bernard-fong-a68aa518
  [START] jon-cox-0059567b
  [START] grant-gladman-2102a769
  [START] grant-gladman-2102a769
  [DONE ] grant-gladman-2102a769
  [START] matt-mcdonald-port-nelson
  [START] matt-mcdonald-port-nelson
  [START] bernard-fong-a68aa518
  [DONE ] bernard-fong-a68aa518
  [START] vic-ferrara-067730a
  [START] vic-ferrara-067730a
  [START] jon-cox-0059567b
  [DONE ] jon-cox-0059567b
  [START] wilfred-finn-088020a
  [START] wilfred-finn-088020a
  [START] akash-varma-78b69a97
  [DONE ] akash-varma-78b69a97
  [START] wilfred-finn-088020a
  [START] wilfred-finn-088020a
  [START] vic-ferrara-067730a
  [START] wilfred-finn-088020a
  [START] vic-ferrara-067730a
  [START] wilfred-finn-088020a
  [DONE ] wilfred-finn-088020a
  [START] vic-ferrara-067730a
  [START] vic-ferrara-067730a
  [DONE ] vic-ferrara-067730a
  [START] matt-mcdonald-port-nelson
  [DONE ] matt-mcdonald-port-nelson

=== Summary ===
Done:   7
Failed: 0
