Starting refetch of 108 v2-tier[23] URLs
  cached v2-tier2-ceo-hospitality-au-p0 -> v2-tier2-ceo-hospitality-au-p0-154827.html
  fetch v2-tier2-ceo-hospitality-au-p10 -> v2-tier2-ceo-hospitality-au-p10-155325.html (949533 bytes, 1.9s)
  fetch v2-tier2-ceo-hospitality-au-p20 -> v2-tier2-ceo-hospitality-au-p20-155328.html (949524 bytes, 2.9s)
  fetch v2-tier2-managing-director-hospitality-au-p0 -> v2-tier2-managing-director-hospitality-au-p0-155332.html (970333 bytes, 2.5s)
  fetch v2-tier2-managing-director-hospitality-au-p10 -> v2-tier2-managing-director-hospitality-au-p10-155336.html (970329 bytes, 1.8s)
  fetch v2-tier2-managing-director-hospitality-au-p20 -> v2-tier2-managing-director-hospitality-au-p20-155340.html (970326 bytes, 1.9s)
  fetch v2-tier2-cfo-hospitality-au-p0 -> v2-tier2-cfo-hospitality-au-p0-155343.html (898136 bytes, 2.2s)
  fetch v2-tier2-cfo-hospitality-au-p10 -> v2-tier2-cfo-hospitality-au-p10-155347.html (898121 bytes, 1.9s)
  fetch v2-tier2-cfo-hospitality-au-p20 -> v2-tier2-cfo-hospitality-au-p20-155350.html (898139 bytes, 1.9s)
  fetch v2-tier2-ceo-tourism-au-p0 -> v2-tier2-ceo-tourism-au-p0-155354.html (936625 bytes, 2.1s)
[10/108] elapsed 33s rate 0.31/s eta 320s
  fetch v2-tier2-ceo-tourism-au-p10 -> v2-tier2-ceo-tourism-au-p10-155357.html (936625 bytes, 1.8s)
  cached v2-tier2-ceo-tourism-au-p20 -> v2-tier2-ceo-tourism-au-p20-155136.html
  fetch v2-tier2-managing-director-tourism-au-p0 -> v2-tier2-managing-director-tourism-au-p0-155402.html (939931 bytes, 2.1s)
  fetch v2-tier2-managing-director-tourism-au-p10 -> v2-tier2-managing-director-tourism-au-p10-155406.html (939919 bytes, 1.8s)
  fetch v2-tier2-managing-director-tourism-au-p20 -> v2-tier2-managing-director-tourism-au-p20-155409.html (939916 bytes, 1.7s)
  fetch v2-tier2-ceo-tourism-nz-p0 -> v2-tier2-ceo-tourism-nz-p0-155412.html (868598 bytes, 3.2s)
  fetch v2-tier2-ceo-tourism-nz-p10 -> v2-tier2-ceo-tourism-nz-p10-155417.html (868600 bytes, 2.8s)
  fetch v2-tier2-ceo-tourism-nz-p20 -> v2-tier2-ceo-tourism-nz-p20-155421.html (868591 bytes, 2.0s)
  fetch v2-tier2-managing-director-tourism-nz-p0 -> v2-tier2-managing-director-tourism-nz-p0-155425.html (886343 bytes, 2.3s)
  fetch v2-tier2-managing-director-tourism-nz-p10 -> v2-tier2-managing-director-tourism-nz-p10-155429.html (886340 bytes, 1.9s)
[20/108] elapsed 67s rate 0.30/s eta 297s
  fetch v2-tier2-managing-director-tourism-nz-p20 -> v2-tier2-managing-director-tourism-nz-p20-155432.html (886356 bytes, 1.9s)
  fetch v2-tier2-ceo-sports-au-p0 -> v2-tier2-ceo-sports-au-p0-155435.html (945543 bytes, 3.2s)
  fetch v2-tier2-ceo-sports-au-p10 -> v2-tier2-ceo-sports-au-p10-155440.html (945544 bytes, 1.9s)
  fetch v2-tier2-ceo-sports-au-p20 -> v2-tier2-ceo-sports-au-p20-155444.html (945551 bytes, 1.9s)
  fetch v2-tier2-ceo-sports-club-nz-p0 -> v2-tier2-ceo-sports-club-nz-p0-155447.html (857945 bytes, 2.3s)
  fetch v2-tier2-ceo-sports-club-nz-p10 -> v2-tier2-ceo-sports-club-nz-p10-155451.html (857933 bytes, 2.6s)
  fetch v2-tier2-ceo-sports-club-nz-p20 -> v2-tier2-ceo-sports-club-nz-p20-155455.html (857949 bytes, 1.8s)
  fetch v2-tier2-owner-manufacturing-au-p0 -> v2-tier2-owner-manufacturing-au-p0-155458.html (897306 bytes, 2.6s)
  fetch v2-tier2-owner-manufacturing-au-p10 -> v2-tier2-owner-manufacturing-au-p10-155502.html (897319 bytes, 1.9s)
  fetch v2-tier2-owner-manufacturing-au-p20 -> v2-tier2-owner-manufacturing-au-p20-155506.html (897332 bytes, 1.7s)
[30/108] elapsed 104s rate 0.29/s eta 271s
  cached v2-tier2-owner-manufacturer-au-p0 -> v2-tier2-owner-manufacturer-au-p0-155138.html
  fetch v2-tier2-owner-manufacturer-au-p10 -> v2-tier2-owner-manufacturer-au-p10-155510.html (920798 bytes, 1.9s)
  fetch v2-tier2-owner-manufacturer-au-p20 -> v2-tier2-owner-manufacturer-au-p20-155514.html (920782 bytes, 2.0s)
  fetch v2-tier2-cfo-retail-au-p0 -> v2-tier2-cfo-retail-au-p0-155517.html (855284 bytes, 2.2s)
  fetch v2-tier2-cfo-retail-au-p10 -> v2-tier2-cfo-retail-au-p10-155521.html (855288 bytes, 1.7s)
  fetch v2-tier2-cfo-retail-au-p20 -> v2-tier2-cfo-retail-au-p20-155524.html (855286 bytes, 2.0s)
  fetch v2-tier2-owner-wholesale-au-p0 -> v2-tier2-owner-wholesale-au-p0-155528.html (893718 bytes, 2.1s)
  fetch v2-tier2-owner-wholesale-au-p10 -> v2-tier2-owner-wholesale-au-p10-155531.html (893723 bytes, 1.9s)
  fetch v2-tier2-owner-wholesale-au-p20 -> v2-tier2-owner-wholesale-au-p20-155535.html (893730 bytes, 1.8s)
  fetch v2-tier2-managing-director-wholesale-au-p0 -> v2-tier2-managing-director-wholesale-au-p0-155538.html (948541 bytes, 2.3s)
[40/108] elapsed 137s rate 0.29/s eta 233s
  fetch v2-tier2-managing-director-wholesale-au-p10 -> v2-tier2-managing-director-wholesale-au-p10-155542.html (948545 bytes, 1.8s)
  fetch v2-tier2-managing-director-wholesale-au-p20 -> v2-tier2-managing-director-wholesale-au-p20-155545.html (948560 bytes, 1.8s)
  fetch v2-tier2-owner-wholesale-nz-p0 -> v2-tier2-owner-wholesale-nz-p0-155549.html (836244 bytes, 2.1s)
  fetch v2-tier2-owner-wholesale-nz-p10 -> v2-tier2-owner-wholesale-nz-p10-155552.html (836251 bytes, 1.6s)
  fetch v2-tier2-owner-wholesale-nz-p20 -> v2-tier2-owner-wholesale-nz-p20-155555.html (836256 bytes, 1.6s)
  fetch v2-tier2-managing-director-wholesale-nz-p0 -> v2-tier2-managing-director-wholesale-nz-p0-155558.html (848112 bytes, 2.0s)
  fetch v2-tier2-managing-director-wholesale-nz-p10 -> v2-tier2-managing-director-wholesale-nz-p10-155602.html (848112 bytes, 1.7s)
  fetch v2-tier2-managing-director-wholesale-nz-p20 -> v2-tier2-managing-director-wholesale-nz-p20-155605.html (848107 bytes, 1.8s)
  fetch v2-tier2-managing-director-supply-chain-au-p0 -> v2-tier2-managing-director-supply-chain-au-p0-155608.html (932379 bytes, 3.1s)
  fetch v2-tier2-managing-director-supply-chain-au-p10 -> v2-tier2-managing-director-supply-chain-au-p10-155613.html (932373 bytes, 1.9s)
[50/108] elapsed 172s rate 0.29/s eta 199s
  fetch v2-tier2-managing-director-supply-chain-au-p20 -> v2-tier2-managing-director-supply-chain-au-p20-155616.html (932376 bytes, 1.8s)
  fetch v2-tier2-ceo-hospitality-nz-p0 -> v2-tier2-ceo-hospitality-nz-p0-155620.html (868867 bytes, 2.6s)
  fetch v2-tier2-ceo-hospitality-nz-p10 -> v2-tier2-ceo-hospitality-nz-p10-155624.html (868871 bytes, 1.9s)
  fetch v2-tier2-ceo-hospitality-nz-p20 -> v2-tier2-ceo-hospitality-nz-p20-155627.html (868877 bytes, 1.7s)
  fetch v2-tier2-cfo-logistics-au-p0 -> v2-tier2-cfo-logistics-au-p0-155630.html (888686 bytes, 2.1s)
  fetch v2-tier2-cfo-logistics-au-p10 -> v2-tier2-cfo-logistics-au-p10-155634.html (888691 bytes, 1.8s)
  fetch v2-tier2-cfo-logistics-au-p20 -> v2-tier2-cfo-logistics-au-p20-155637.html (888692 bytes, 1.8s)
  fetch v2-tier2-cfo-freight-au-p0 -> v2-tier2-cfo-freight-au-p0-155641.html (886572 bytes, 2.2s)
  fetch v2-tier2-cfo-freight-au-p10 -> v2-tier2-cfo-freight-au-p10-155644.html (886572 bytes, 1.8s)
  fetch v2-tier2-cfo-freight-au-p20 -> v2-tier2-cfo-freight-au-p20-155648.html (886579 bytes, 1.7s)
[60/108] elapsed 206s rate 0.29/s eta 165s
  fetch v2-tier2-founder-manufacturing-au-p0 -> v2-tier2-founder-manufacturing-au-p0-155651.html (923801 bytes, 2.3s)
  fetch v2-tier2-founder-manufacturing-au-p10 -> v2-tier2-founder-manufacturing-au-p10-155655.html (923812 bytes, 1.9s)
  fetch v2-tier2-founder-manufacturing-au-p20 -> v2-tier2-founder-manufacturing-au-p20-155658.html (923812 bytes, 2.2s)
  fetch v2-tier3-ceo-retail-group-au-p0 -> v2-tier3-ceo-retail-group-au-p0-155702.html (912366 bytes, 3.0s)
  fetch v2-tier3-ceo-retail-group-au-p10 -> v2-tier3-ceo-retail-group-au-p10-155706.html (912362 bytes, 1.8s)
  fetch v2-tier3-ceo-retail-group-au-p20 -> v2-tier3-ceo-retail-group-au-p20-155710.html (912375 bytes, 1.7s)
  fetch v2-tier3-managing-director-retail-au-p0 -> v2-tier3-managing-director-retail-au-p0-155713.html (943852 bytes, 2.5s)
  fetch v2-tier3-managing-director-retail-au-p10 -> v2-tier3-managing-director-retail-au-p10-155717.html (943854 bytes, 1.8s)
  fetch v2-tier3-managing-director-retail-au-p20 -> v2-tier3-managing-director-retail-au-p20-155720.html (943851 bytes, 1.9s)
  fetch v2-tier3-owner-retail-au-p0 -> v2-tier3-owner-retail-au-p0-155724.html (911405 bytes, 2.6s)
[70/108] elapsed 243s rate 0.29/s eta 132s
  fetch v2-tier3-owner-retail-au-p10 -> v2-tier3-owner-retail-au-p10-155728.html (911410 bytes, 1.7s)
  fetch v2-tier3-owner-retail-au-p20 -> v2-tier3-owner-retail-au-p20-155731.html (911422 bytes, 1.8s)
  fetch v2-tier3-ceo-tour-operator-au-p0 -> v2-tier3-ceo-tour-operator-au-p0-155734.html (940740 bytes, 2.2s)
  fetch v2-tier3-ceo-tour-operator-au-p10 -> v2-tier3-ceo-tour-operator-au-p10-155738.html (940735 bytes, 1.8s)
  fetch v2-tier3-ceo-tour-operator-au-p20 -> v2-tier3-ceo-tour-operator-au-p20-155741.html (940734 bytes, 2.0s)
  fetch v2-tier3-ceo-tour-operator-nz-p0 -> v2-tier3-ceo-tour-operator-nz-p0-155745.html (841985 bytes, 2.1s)
  fetch v2-tier3-ceo-tour-operator-nz-p10 -> v2-tier3-ceo-tour-operator-nz-p10-155748.html (841985 bytes, 1.7s)
  fetch v2-tier3-ceo-tour-operator-nz-p20 -> v2-tier3-ceo-tour-operator-nz-p20-155752.html (841973 bytes, 1.7s)
  fetch v2-tier3-founder-hospitality-au-p0 -> v2-tier3-founder-hospitality-au-p0-155755.html (614634 bytes, 1.5s)
  fetch v2-tier3-founder-hospitality-au-p10 -> v2-tier3-founder-hospitality-au-p10-155758.html (614640 bytes, 1.5s)
[80/108] elapsed 276s rate 0.29/s eta 97s
  fetch v2-tier3-founder-hospitality-au-p20 -> v2-tier3-founder-hospitality-au-p20-155801.html (614639 bytes, 1.5s)
  fetch v2-tier3-founder-tourism-au-p0 -> v2-tier3-founder-tourism-au-p0-155804.html (614610 bytes, 1.6s)
  fetch v2-tier3-founder-tourism-au-p10 -> v2-tier3-founder-tourism-au-p10-155807.html (614602 bytes, 1.5s)
  fetch v2-tier3-founder-tourism-au-p20 -> v2-tier3-founder-tourism-au-p20-155810.html (614601 bytes, 1.5s)
  fetch v2-tier3-ceo-warehousing-au-p0 -> v2-tier3-ceo-warehousing-au-p0-155813.html (614599 bytes, 1.4s)
  fetch v2-tier3-ceo-warehousing-au-p10 -> v2-tier3-ceo-warehousing-au-p10-155816.html (614603 bytes, 1.4s)
  fetch v2-tier3-ceo-warehousing-au-p20 -> v2-tier3-ceo-warehousing-au-p20-155819.html (614605 bytes, 1.5s)
  fetch v2-tier3-managing-director-warehousing-au-p0 -> v2-tier3-managing-director-warehousing-au-p0-155822.html (614725 bytes, 1.5s)
  fetch v2-tier3-managing-director-warehousing-au-p10 -> v2-tier3-managing-director-warehousing-au-p10-155825.html (614717 bytes, 1.5s)
  fetch v2-tier3-managing-director-warehousing-au-p20 -> v2-tier3-managing-director-warehousing-au-p20-155828.html (614722 bytes, 1.5s)
[90/108] elapsed 306s rate 0.29/s eta 61s
  fetch v2-tier3-ceo-transport-au-p0 -> v2-tier3-ceo-transport-au-p0-155831.html (614588 bytes, 2.5s)
  fetch v2-tier3-ceo-transport-au-p10 -> v2-tier3-ceo-transport-au-p10-155835.html (614590 bytes, 1.6s)
  fetch v2-tier3-ceo-transport-au-p20 -> v2-tier3-ceo-transport-au-p20-155838.html (614596 bytes, 1.6s)
  fetch v2-tier3-cfo-transport-au-p0 -> v2-tier3-cfo-transport-au-p0-155841.html (614590 bytes, 1.5s)
  fetch v2-tier3-cfo-transport-au-p10 -> v2-tier3-cfo-transport-au-p10-155844.html (614591 bytes, 1.5s)
  fetch v2-tier3-cfo-transport-au-p20 -> v2-tier3-cfo-transport-au-p20-155847.html (614589 bytes, 1.5s)
  fetch v2-tier3-ceo-food-manufacturing-au-p0 -> v2-tier3-ceo-food-manufacturing-au-p0-155850.html (614714 bytes, 1.4s)
  fetch v2-tier3-ceo-food-manufacturing-au-p10 -> v2-tier3-ceo-food-manufacturing-au-p10-155853.html (614719 bytes, 1.5s)
  fetch v2-tier3-ceo-food-manufacturing-au-p20 -> v2-tier3-ceo-food-manufacturing-au-p20-155856.html (614728 bytes, 1.5s)
  fetch v2-tier3-managing-director-food-manufacturing-au-p0 -> v2-tier3-managing-director-food-manufacturing-au-p0-155859.html (614833 bytes, 1.5s)
[100/108] elapsed 338s rate 0.30/s eta 27s
  fetch v2-tier3-managing-director-food-manufacturing-au-p10 -> v2-tier3-managing-director-food-manufacturing-au-p10-155902.html (614832 bytes, 1.6s)
  fetch v2-tier3-managing-director-food-manufacturing-au-p20 -> v2-tier3-managing-director-food-manufacturing-au-p20-155905.html (614838 bytes, 1.6s)
  fetch v2-tier3-owner-manufacturer-nz-p0 -> v2-tier3-owner-manufacturer-nz-p0-155908.html (614629 bytes, 1.5s)
  fetch v2-tier3-owner-manufacturer-nz-p10 -> v2-tier3-owner-manufacturer-nz-p10-155911.html (614634 bytes, 1.4s)
  fetch v2-tier3-owner-manufacturer-nz-p20 -> v2-tier3-owner-manufacturer-nz-p20-155914.html (614634 bytes, 1.7s)
  cached v2-tier3-cfo-retail-nz-p0 -> v2-tier3-cfo-retail-nz-p0-155140.html
  fetch v2-tier3-cfo-retail-nz-p10 -> v2-tier3-cfo-retail-nz-p10-155919.html (614567 bytes, 1.8s)
  fetch v2-tier3-cfo-retail-nz-p20 -> v2-tier3-cfo-retail-nz-p20-155922.html (614568 bytes, 1.5s)
Fetch complete: 108 files in archive
Parsing archive with parse-linkedin-search.py ...
Parse complete: 772 rows -> refetch-tier23-20260418-155926.tsv
Dedup: 250 unique stems -> refetch-tier23-20260418-155926-dedup.tsv

FINAL: /home/weiwu/code/aesop/outreach-spar/experiments/chris-insurance-broking/logs/refetch-tier23-20260418-155926-dedup.tsv
